{
  "kind": "reference-campaign",
  "campaign": "pocketful-stage-1-reference",
  "seed": 481927,
  "operationsRequested": 1000,
  "operationsExecuted": 1000,
  "stateComparisons": 1000,
  "invariantChecks": 2100,
  "outcomes": {
    "200": 82,
    "201": 473,
    "200 replay": 59,
    "409 request_not_pending": 45,
    "422 validation_failed": 77,
    "403 forbidden": 57,
    "409 idempotency_key_reuse": 26,
    "404 not_found": 14,
    "422 self_payment": 29,
    "409 insufficient_funds": 124,
    "409 email_taken": 3,
    "422 self_request": 7,
    "409 handle_taken": 4
  },
  "durationMs": 5196,
  "result": "agree",
  "firstDivergence": null,
  "reproduction": "node commit/campaign.ts --module calibration/verification/reference.campaign.ts --base-url <url> --seed 481927 --operations 1000"
}
