PASS same-key-storm round 0 seed 20261001
PASS same-key-different-bodies round 0 seed 20261002
PASS drain-race round 0 seed 20261003
PASS fan-in round 0 seed 20261004
PASS ring round 0 seed 20261005
PASS request-double-pay round 0 seed 20261006
PASS pay-versus-cancel round 0 seed 20261007
PASS settlement-under-drain round 0 seed 20261008
PASS lost-response-retry round 0 seed 20261009
PASS signup-race round 0 seed 20261010
PASS mixed-garbage round 0 seed 20261011
PASS same-key-storm round 1 seed 20262001
PASS same-key-different-bodies round 1 seed 20262002
PASS drain-race round 1 seed 20262003
PASS fan-in round 1 seed 20262004
PASS ring round 1 seed 20262005
PASS request-double-pay round 1 seed 20262006
PASS pay-versus-cancel round 1 seed 20262007
PASS settlement-under-drain round 1 seed 20262008
PASS lost-response-retry round 1 seed 20262009
PASS signup-race round 1 seed 20262010
PASS mixed-garbage round 1 seed 20262011
PASS same-key-storm round 2 seed 20263001
PASS same-key-different-bodies round 2 seed 20263002
PASS drain-race round 2 seed 20263003
PASS fan-in round 2 seed 20263004
PASS ring round 2 seed 20263005
PASS request-double-pay round 2 seed 20263006
PASS pay-versus-cancel round 2 seed 20263007
PASS settlement-under-drain round 2 seed 20263008
PASS lost-response-retry round 2 seed 20263009
PASS signup-race round 2 seed 20263010
PASS mixed-garbage round 2 seed 20263011
PASS same-key-storm round 3 seed 20264001
PASS same-key-different-bodies round 3 seed 20264002
PASS drain-race round 3 seed 20264003
PASS fan-in round 3 seed 20264004
PASS ring round 3 seed 20264005
PASS request-double-pay round 3 seed 20264006
PASS pay-versus-cancel round 3 seed 20264007
PASS settlement-under-drain round 3 seed 20264008
PASS lost-response-retry round 3 seed 20264009
PASS signup-race round 3 seed 20264010
PASS mixed-garbage round 3 seed 20264011
PASS same-key-storm round 4 seed 20265001
PASS same-key-different-bodies round 4 seed 20265002
PASS drain-race round 4 seed 20265003
PASS fan-in round 4 seed 20265004
PASS ring round 4 seed 20265005
PASS request-double-pay round 4 seed 20265006
PASS pay-versus-cancel round 4 seed 20265007
PASS settlement-under-drain round 4 seed 20265008
PASS lost-response-retry round 4 seed 20265009
PASS signup-race round 4 seed 20265010
PASS mixed-garbage round 4 seed 20265011
55/55 passed, 225 checks
