#0 building with "default" instance using docker driver

#1 [internal] load build definition from Dockerfile
#1 transferring dockerfile: 534B done
#1 DONE 0.0s

#2 [internal] load metadata for docker.io/library/node:24-alpine
#2 DONE 2.1s

#3 [internal] load .dockerignore
#3 transferring context: 2B done
#3 DONE 0.0s

#4 [internal] load build context
#4 transferring context: 222B done
#4 DONE 0.0s

#5 [1/3] FROM docker.io/library/node:24-alpine@sha256:ebfe2f90462722a7a4de65e91990e97fe0d401c70e0e762c5b53302f905ec1c1
#5 resolve docker.io/library/node:24-alpine@sha256:ebfe2f90462722a7a4de65e91990e97fe0d401c70e0e762c5b53302f905ec1c1 0.0s done
#5 DONE 0.0s

#6 [2/3] WORKDIR /app
#6 CACHED

#7 [3/3] COPY src ./src
#7 DONE 0.1s

#8 exporting to image
#8 exporting layers 0.1s done
#8 exporting manifest sha256:5dcddcd38d91d743a0c479ae82efde5394131dcb0ee342656e336d2d0d0c7f53 0.0s done
#8 exporting config sha256:5aca36f22daa94a8ac88de1876fd19f4eb95aeb2662554502688aceec377f355 0.0s done
#8 exporting attestation manifest sha256:0a2d56905da75be82863ed5624260ec94cda52f4ffc6bc4245cbdca82b122b4c 0.0s done
#8 exporting manifest list sha256:17e433b0cfb72a3a9f086ae70f54ca70ad9b1335c66c4c75a264be9a039dc046 0.0s done
#8 naming to docker.io/library/commit-calibration-stage-1:latest done
#8 unpacking to docker.io/library/commit-calibration-stage-1:latest 0.0s done
#8 DONE 0.2s
