discovered 475 mutants in 6 files; running 475
baseline passes the check in 25729 ms
[1/475] killed    m-d6d0a54516 src/auth.ts:18 equality-negation "!==" -> "==="
[2/475] killed    m-3ef5905f0f src/auth.ts:18 negation-removal "!" -> ""
[3/475] killed    m-d47295956e src/auth.ts:18 negation-removal "!" -> ""
[4/475] survived  m-ca40dc899f src/auth.ts:18 logical "||" -> "&&"
[5/475] survived  m-81e792af71 src/auth.ts:11 literal-boundary "16" -> "17"
[6/475] survived  m-9dcc24e876 src/auth.ts:12 literal-boundary "32" -> "33"
[7/475] survived  m-e401bdc792 src/auth.ts:18 guard-bypass "scheme !== 'scrypt' || !salt || !hash" -> "false"
[8/475] survived  m-7d2ab8a2cd src/auth.ts:18 logical "||" -> "&&"
[9/475] survived  m-87cabdc239 src/auth.ts:18 boolean-literal "false" -> "true"
[10/475] killed    m-a99fdaa1ee src/auth.ts:37 literal-boundary "1" -> "2"
[11/475] killed    m-4de3341938 src/auth.ts:38 equality-negation "===" -> "!=="
[12/475] killed    m-cfc2eca099 src/auth.ts:26 literal-boundary "0" -> "1"
[13/475] killed    m-eece97a20a src/auth.ts:26 literal-boundary "0" -> "1"
[14/475] killed    m-016ded800d src/auth.ts:39 negation-removal "!" -> ""
[15/475] killed    m-8f92308506 src/auth.ts:26 literal-boundary "20" -> "21"
[16/475] killed    m-97fdb90d43 src/auth.ts:49 negation-removal "!" -> ""
[17/475] survived  m-4786e592e9 src/auth.ts:30 literal-boundary "32" -> "33"
[18/475] killed    m-62e8967d89 src/auth.ts:39 guard-bypass "!user" -> "false"
[19/475] killed    m-ee2d83f80f src/auth.ts:49 guard-bypass "!/^[^@\\s]+@[^@\\s]+$/.test(email)" -> "false"
[20/475] killed    m-02dc4f6231 src/auth.ts:50 guard-bypass "password.length < 8" -> "false"
[21/475] killed    m-dce8dcea91 src/auth.ts:50 boundary "<" -> "<="
[22/475] killed    m-abd2998b1a src/auth.ts:50 literal-boundary "8" -> "9"
[23/475] killed    m-e7451ec5ca src/auth.ts:54 guard-bypass "store().usersByHandle.has(handle)" -> "false"
[24/475] killed    m-953f2ab661 src/auth.ts:54 literal-boundary "409" -> "410"
[25/475] killed    m-4e39ad7f0a src/auth.ts:53 guard-bypass "store().usersByEmail.has(email.toLowerCase())" -> "false"
[26/475] killed    m-d85c2b3683 src/auth.ts:61 statement-deletion "store().addUser(user);" -> ";"
[27/475] killed    m-2b87b732e7 src/auth.ts:53 literal-boundary "409" -> "410"
[28/475] killed    m-090d042ffe src/auth.ts:70 negation-removal "!" -> ""
[29/475] killed    m-632aab90ab src/auth.ts:62 literal-boundary "201" -> "202"
[30/475] killed    m-da6283ed9d src/auth.ts:70 guard-bypass "!user || !(await verifyPassword(password, user.passwordHash))" -> "false"
[31/475] killed    m-23382dd66b src/auth.ts:70 negation-removal "!" -> ""
[32/475] survived  m-24e47c41a2 src/auth.ts:56 statement-deletion "taken();" -> ";"
[33/475] killed    m-f255edf0aa src/auth.ts:72 equality-negation "!==" -> "==="
[34/475] killed    m-cd9c2b0c25 src/auth.ts:70 logical "||" -> "&&"
[35/475] killed    m-2bc893dc5c src/auth.ts:73 literal-boundary "200" -> "201"
[36/475] killed    m-ccb79bec1c src/errors.ts:10 statement-deletion "this.status = status;" -> ";"
[37/475] killed    m-428232530a src/auth.ts:60 literal-boundary "0" -> "1"
[38/475] killed    m-030a1cbfd2 src/errors.ts:9 statement-deletion "super(message);" -> ";"
[39/475] killed    m-e426553237 src/auth.ts:59 statement-deletion "taken();" -> ";"
[40/475] killed    m-61522c710a src/errors.ts:11 statement-deletion "this.code = code;" -> ";"
[41/475] killed    m-4ba296f178 src/errors.ts:16 literal-boundary "422" -> "423"
[42/475] killed    m-787ca4ab58 src/errors.ts:15 literal-boundary "400" -> "401"
[43/475] killed    m-5bfc5b4240 src/errors.ts:17 literal-boundary "404" -> "405"
[44/475] killed    m-5ab72ed641 src/errors.ts:18 literal-boundary "403" -> "404"
[45/475] killed    m-d9e0e26119 src/errors.ts:22 literal-boundary "409" -> "410"
[46/475] killed    m-3b71f76807 src/errors.ts:20 literal-boundary "401" -> "402"
[47/475] survived  m-6dee67c77a src/auth.ts:72 guard-bypass "store() !== before" -> "false"
[48/475] survived  m-2fb5290ba7 src/server.ts:15 literal-boundary "16" -> "17"
[49/475] survived  m-100bfdd083 src/server.ts:15 literal-boundary "1024" -> "1025"
[50/475] survived  m-a40abbdd2c src/server.ts:15 literal-boundary "1024" -> "1025"
[51/475] survived  m-1d1dc8b79f src/server.ts:19 literal-boundary "0" -> "1"
[52/475] killed    m-70ed2c425f src/server.ts:23 statement-deletion "chunks.push(chunk          );" -> ";"
[53/475] killed    m-e232e696aa src/server.ts:26 equality-negation "===" -> "!=="
[54/475] survived  m-79394663bb src/server.ts:21 statement-deletion "size += (chunk          ).length;" -> ";"
[55/475] killed    m-c508776040 src/server.ts:29 statement-deletion "parsed = JSON.parse(text);" -> ";"
[56/475] killed    m-3e3fa43b5d src/server.ts:33 equality-negation "!==" -> "==="
[57/475] survived  m-99313b349c src/server.ts:21 compound-assignment "+=" -> "-="
[58/475] killed    m-60dec1b9de src/server.ts:33 equality-negation "===" -> "!=="
[59/475] killed    m-fa2d216d30 src/server.ts:26 guard-bypass "text.trim() === ''" -> "false"
[60/475] survived  m-31442439eb src/server.ts:22 guard-bypass "size > MAX_BODY" -> "false"
[61/475] killed    m-db00fc8ab1 src/server.ts:44 guard-bypass "typeof key !== 'string' || key === ''" -> "false"
[62/475] survived  m-4bf166fe91 src/server.ts:22 boundary ">" -> ">="
[63/475] killed    m-c667a592ac src/server.ts:44 equality-negation "!==" -> "==="
[64/475] killed    m-1f4d087ff0 src/server.ts:33 guard-bypass "typeof parsed !== 'object' || parsed === null || Array.isArray(parsed)" -> "false"
[65/475] killed    m-a173ee9fde src/server.ts:33 logical "||" -> "&&"
[66/475] killed    m-ac4fc04f93 src/server.ts:44 equality-negation "===" -> "!=="
[67/475] killed    m-10d48f9daf src/server.ts:33 logical "||" -> "&&"
[68/475] killed    m-954e28348d src/server.ts:44 logical "||" -> "&&"
[69/475] killed    m-f7c384c196 src/server.ts:44 literal-boundary "400" -> "401"
[70/475] killed    m-a8c9c4a977 src/server.ts:45 guard-bypass "key.length > 255" -> "false"
[71/475] killed    m-705c958d8c src/server.ts:50 guard-bypass "previous" -> "false"
[72/475] killed    m-550711ee91 src/server.ts:51 guard-bypass "previous.fingerprint !== fingerprint" -> "false"
[73/475] killed    m-65ba3a5dff src/server.ts:51 equality-negation "!==" -> "==="
[74/475] killed    m-150d17d883 src/server.ts:45 boundary ">" -> ">="
[75/475] killed    m-d6081bf6c7 src/server.ts:62 statement-deletion "replace(new Store({ ...data, users }));" -> ";"
[76/475] killed    m-6f16ac2118 src/server.ts:45 literal-boundary "255" -> "256"
[77/475] killed    m-1410ae369f src/server.ts:51 literal-boundary "409" -> "410"
[78/475] killed    m-30fe1f07b5 src/server.ts:63 literal-boundary "204" -> "205"
[79/475] killed    m-8b9fef90da src/server.ts:52 literal-boundary "200" -> "201"
[80/475] killed    m-b1d3b969c9 src/server.ts:55 statement-deletion "records[slot] = { fingerprint, body: result.body };" -> ";"
[81/475] killed    m-c0f03cbcfd src/server.ts:67 equality-negation "!==" -> "==="
[82/475] killed    m-300ed1d14f src/server.ts:67 equality-negation "!==" -> "==="
[83/475] killed    m-24643440d2 src/server.ts:67 guard-bypass "body.track !== 'pocketful' || body.format_version !== 1" -> "false"
[84/475] killed    m-8986b4c79c src/server.ts:67 logical "||" -> "&&"
[85/475] killed    m-1933852f27 src/server.ts:67 literal-boundary "1" -> "2"
[86/475] killed    m-5e7a8ab68d src/server.ts:68 statement-deletion "replace(new Store(parseState(body.state)));" -> ";"
[87/475] killed    m-ba03dc45ef src/server.ts:75 literal-boundary "1" -> "2"
[88/475] killed    m-cdf830693a src/server.ts:78 logical "&&" -> "||"
[89/475] invalid   m-58ed702ee2 src/server.ts:74 logical "||" -> "&&"
[90/475] killed    m-50054998bf src/server.ts:79 guard-bypass "method === 'POST' && path === '/_test/reset'" -> "false"
[91/475] killed    m-cf69cfa014 src/server.ts:79 equality-negation "===" -> "!=="
[92/475] invalid   m-bbfe490892 src/server.ts:78 guard-bypass "method === 'GET' && path === '/health'" -> "false"
[93/475] killed    m-a14fbea317 src/server.ts:79 logical "&&" -> "||"
[94/475] killed    m-7d2e43dfbd src/server.ts:79 equality-negation "===" -> "!=="
[95/475] invalid   m-2e186fdf38 src/server.ts:78 equality-negation "===" -> "!=="
[96/475] killed    m-ba71b65566 src/server.ts:69 literal-boundary "204" -> "205"
[97/475] killed    m-16a8112e3e src/server.ts:80 logical "&&" -> "||"
[98/475] invalid   m-de27f05faf src/server.ts:78 equality-negation "===" -> "!=="
[99/475] killed    m-39839bfc2b src/server.ts:80 equality-negation "===" -> "!=="
[100/475] invalid   m-11e1753522 src/server.ts:78 literal-boundary "200" -> "201"
[101/475] killed    m-fd40eb41df src/server.ts:80 guard-bypass "method === 'GET' && path === '/_test/export'" -> "false"
[102/475] killed    m-07fcdbd536 src/server.ts:80 equality-negation "===" -> "!=="
[103/475] killed    m-fed7bcd06b src/server.ts:83 logical "&&" -> "||"
[104/475] killed    m-ad170c4255 src/server.ts:83 equality-negation "===" -> "!=="
[105/475] killed    m-3c78bc83f4 src/server.ts:81 literal-boundary "200" -> "201"
[106/475] killed    m-a530b7743a src/server.ts:81 literal-boundary "1" -> "2"
[107/475] killed    m-36b22ee3c4 src/server.ts:84 logical "&&" -> "||"
[108/475] killed    m-d2afd68e82 src/server.ts:83 equality-negation "===" -> "!=="
[109/475] killed    m-a450d6ef19 src/server.ts:84 equality-negation "===" -> "!=="
[110/475] killed    m-1c20fa5ea0 src/server.ts:83 guard-bypass "method === 'POST' && path === '/_test/import'" -> "false"
[111/475] killed    m-fd32d8fc00 src/server.ts:84 guard-bypass "method === 'POST' && path === '/auth/signup'" -> "false"
[112/475] killed    m-869bc3bf34 src/server.ts:85 guard-bypass "method === 'POST' && path === '/auth/login'" -> "false"
[113/475] killed    m-190775ef88 src/server.ts:84 equality-negation "===" -> "!=="
[114/475] killed    m-095b628ee8 src/server.ts:85 equality-negation "===" -> "!=="
[115/475] killed    m-95dbd88267 src/server.ts:85 equality-negation "===" -> "!=="
[116/475] killed    m-85580866f6 src/server.ts:88 equality-negation "===" -> "!=="
[117/475] killed    m-71311a3b5b src/server.ts:89 logical "||" -> "&&"
[118/475] killed    m-4c7434242d src/server.ts:85 logical "&&" -> "||"
[119/475] killed    m-c055af6b37 src/server.ts:89 equality-negation "===" -> "!=="
[120/475] killed    m-920f690e0d src/server.ts:90 logical "||" -> "&&"
[121/475] killed    m-c3f93e2a02 src/server.ts:90 equality-negation "===" -> "!=="
[122/475] killed    m-4afe3e4a1f src/server.ts:90 equality-negation "===" -> "!=="
[123/475] killed    m-ce07537bc3 src/server.ts:90 literal-boundary "3" -> "4"
[124/475] killed    m-aa04d97b76 src/server.ts:90 literal-boundary "0" -> "1"
[125/475] killed    m-89a0528882 src/server.ts:88 logical "&&" -> "||"
[126/475] killed    m-9389134c1e src/server.ts:90 equality-negation "===" -> "!=="
[127/475] killed    m-bd90c83cd1 src/server.ts:89 logical "&&" -> "||"
[128/475] killed    m-8bbf99cafc src/server.ts:90 logical "&&" -> "||"
[129/475] killed    m-fd4acdbd31 src/server.ts:91 negation-removal "!" -> ""
[130/475] killed    m-cf96f75bf0 src/server.ts:94 equality-negation "===" -> "!=="
[131/475] killed    m-41bc1490cb src/server.ts:94 guard-bypass "method === 'GET'" -> "false"
[132/475] killed    m-4c575703e3 src/server.ts:90 literal-boundary "2" -> "3"
[133/475] killed    m-297f037f4a src/server.ts:95 equality-negation "===" -> "!=="
[134/475] killed    m-90ebe5dcfa src/server.ts:90 logical "&&" -> "||"
[135/475] killed    m-780888c826 src/server.ts:95 guard-bypass "path === '/me'" -> "false"
[136/475] killed    m-b3161ac945 src/server.ts:95 literal-boundary "200" -> "201"
[137/475] killed    m-cee36c6631 src/server.ts:96 guard-bypass "path === '/requests'" -> "false"
[138/475] killed    m-8051a6cec2 src/server.ts:96 equality-negation "===" -> "!=="
[139/475] killed    m-1f8d8f3f8c src/server.ts:110 statement-deletion "id = decodeURIComponent(parts[1]);" -> ";"
[140/475] killed    m-9b41bb707b src/server.ts:90 logical "&&" -> "||"
[141/475] killed    m-81fb4adbee src/server.ts:110 literal-boundary "1" -> "2"
[142/475] killed    m-f0b3ddaca4 src/server.ts:91 guard-bypass "!known" -> "false"
[143/475] killed    m-7221f80d95 src/server.ts:114 guard-bypass "parts[2] === 'pay'" -> "false"
[144/475] killed    m-902402e218 src/server.ts:114 literal-boundary "2" -> "3"
[145/475] killed    m-12e24c159c src/server.ts:119 equality-negation "===" -> "!=="
[146/475] killed    m-583f43b2b7 src/server.ts:114 equality-negation "===" -> "!=="
[147/475] killed    m-c0c5e1ddfe src/server.ts:115 literal-boundary "2" -> "3"
[148/475] killed    m-5ca5555f9a src/server.ts:115 equality-negation "===" -> "!=="
[149/475] killed    m-2becb89d4b src/server.ts:130 guard-bypass "error instanceof ApiError" -> "false"
[150/475] invalid   m-9c79e02258 src/server.ts:123 statement-deletion "res.writeHead(status, { 'content-type': 'application/json; charset=utf-8' }).end(JSON.stringify(body));" -> ";"
[151/475] invalid   m-36674c2b3b src/server.ts:128 statement-deletion "send(res, await route(req, new URL(req.url ?? '/', 'http://service')));" -> ";"
[152/475] survived  m-408f7a5cc4 src/server.ts:119 guard-bypass "body === undefined" -> "false"
[153/475] survived  m-d9b248c30a src/server.ts:134 statement-deletion "console.error(JSON.stringify({ level: 'error', method: req.method, url: req.url, error: String((error         )?.stack ?? error) }));" -> ";"
[154/475] invalid   m-6aa21d7bf3 src/server.ts:140 statement-deletion "server.listen(port, '0.0.0.0', () => console.log(JSON.stringify({ level: 'info', msg: 'listening', port })));" -> ";"
[155/475] killed    m-ef74e7b62f src/store.ts:66 statement-deletion "usersById = new Map              ();" -> ";"
[156/475] killed    m-c25e9b6955 src/store.ts:67 statement-deletion "usersByEmail = new Map              ();" -> ";"
[157/475] killed    m-deb4c411bf src/store.ts:68 statement-deletion "usersByHandle = new Map              ();" -> ";"
[158/475] survived  m-f136da5d1a src/server.ts:135 statement-deletion "send(res, { status: 500, body: { error: { code: 'internal_error', message: 'unexpected server error' } } });" -> ";"
[159/475] survived  m-9d3f94fab3 src/server.ts:135 literal-boundary "500" -> "501"
[160/475] killed    m-8cbea549c7 src/store.ts:72 statement-deletion "this.data = data;" -> ";"
[161/475] killed    m-cd6819122a src/store.ts:79 statement-deletion "this.usersByEmail.set(user.email.toLowerCase(), user);" -> ";"
[162/475] killed    m-3346166959 src/store.ts:69 statement-deletion "requestsById = new Map                        ();" -> ";"
[163/475] killed    m-167f41a5f0 src/store.ts:78 statement-deletion "this.usersById.set(user.id, user);" -> ";"
[164/475] survived  m-241c4f82c5 src/server.ts:139 literal-boundary "8080" -> "8081"
[165/475] killed    m-5fe8b8a36b src/store.ts:80 statement-deletion "this.usersByHandle.set(user.handle, user);" -> ";"
[166/475] killed    m-c4402c5598 src/store.ts:85 statement-deletion "this.indexUser(user);" -> ";"
[167/475] killed    m-a2acf9d7cb src/store.ts:93 statement-deletion "this.data.requests.push(request);" -> ";"
[168/475] killed    m-c8e87c2716 src/store.ts:89 statement-deletion "this.data.payments.push(payment);" -> ";"
[169/475] killed    m-78b4fbcd62 src/store.ts:94 statement-deletion "this.requestsById.set(request.id, request);" -> ";"
[170/475] killed    m-270cd787bf src/store.ts:99 negation-removal "!" -> ""
[171/475] killed    m-1ad5662a06 src/store.ts:111 statement-deletion "current = next;" -> ";"
[172/475] killed    m-8b33b943f3 src/store.ts:122 equality-negation "===" -> "!=="
[173/475] killed    m-49a6b76f6c src/store.ts:84 statement-deletion "this.data.users.push(user);" -> ";"
[174/475] killed    m-ed9add2732 src/store.ts:122 equality-negation "!==" -> "==="
[175/475] survived  m-68fb6e663c src/store.ts:99 guard-bypass "!user" -> "false"
[176/475] killed    m-1b877cadf5 src/store.ts:122 negation-removal "!" -> ""
[177/475] killed    m-4f820a4b87 src/store.ts:123 equality-negation "===" -> "!=="
[178/475] killed    m-d8749ed5e9 src/server.ts:131 statement-deletion "send(res, { status: error.status, body: { error: { code: error.code, message: error.message } } });" -> ";"
[179/475] survived  m-7cf668cc4b src/store.ts:106 literal-boundary "2" -> "3"
[180/475] killed    m-49ecf0c146 src/store.ts:122 logical "&&" -> "||"
[181/475] killed    m-9aafe0eac6 src/store.ts:122 logical "&&" -> "||"
[182/475] killed    m-ca29581670 src/server.ts:120 statement-deletion "res.writeHead(status).end();" -> ";"
[183/475] killed    m-c30ee29ac8 src/store.ts:124 logical "&&" -> "||"
[184/475] survived  m-60ed46fe74 src/store.ts:124 boundary ">" -> ">="
[185/475] survived  m-d8516445ec src/store.ts:124 literal-boundary "0" -> "1"
[186/475] killed    m-79e8846638 src/store.ts:124 logical "&&" -> "||"
[187/475] survived  m-d3e2e23aff src/store.ts:124 literal-boundary "64" -> "65"
[188/475] survived  m-652f4e8881 src/store.ts:124 boundary "<=" -> "<"
[189/475] killed    m-a5c4813473 src/store.ts:125 literal-boundary "0" -> "1"
[190/475] killed    m-714c4203f1 src/store.ts:125 boundary ">=" -> ">"
[191/475] killed    m-fe47c9083f src/store.ts:125 logical "&&" -> "||"
[192/475] survived  m-315dc0ed58 src/store.ts:126 logical "&&" -> "||"
[193/475] survived  m-5eb5da090d src/store.ts:126 boundary ">=" -> ">"
[194/475] survived  m-cc00d6e378 src/store.ts:126 literal-boundary "1" -> "2"
[195/475] killed    m-ff2a44292e src/store.ts:127 logical "||" -> "&&"
[196/475] survived  m-be1368e9fe src/store.ts:126 logical "&&" -> "||"
[197/475] survived  m-b16687b3b4 src/store.ts:126 boundary "<=" -> "<"
[198/475] killed    m-ca1c4f23f3 src/store.ts:128 literal-boundary "2" -> "3"
[199/475] killed    m-35c3949724 src/store.ts:127 equality-negation "===" -> "!=="
[200/475] killed    m-e8f5075c51 src/store.ts:131 negation-removal "!" -> ""
[201/475] killed    m-2c70b6992a src/store.ts:135 equality-negation "===" -> "!=="
[202/475] killed    m-cae3c04702 src/store.ts:135 guard-bypass "value === undefined" -> "false"
[203/475] killed    m-09d94032af src/store.ts:128 literal-boundary "0" -> "1"
[204/475] killed    m-2c5a969c2d src/store.ts:127 equality-negation "===" -> "!=="
[205/475] killed    m-f87aa8db2c src/store.ts:128 literal-boundary "3" -> "4"
[206/475] killed    m-0f0eb74a6a src/store.ts:131 guard-bypass "!condition" -> "false"
[207/475] survived  m-5fdf66429f src/store.ts:136 statement-deletion "check(Array.isArray(value), `${field} must be an array`);" -> ";"
[208/475] survived  m-c73cfc471b src/store.ts:150 statement-deletion "check(isObj(fixture), 'fixture must be an object');" -> ";"
[209/475] survived  m-450818be8b src/store.ts:151 statement-deletion "check(isStr(fixture.currency) && fixture.currency.length > 0, 'currency is required');" -> ";"
[210/475] survived  m-25c117d050 src/store.ts:151 logical "&&" -> "||"
[211/475] survived  m-422f4e8d4c src/store.ts:151 boundary ">" -> ">="
[212/475] killed    m-85ac6fcdaa src/store.ts:162 negation-removal "!" -> ""
[213/475] survived  m-bcff6d90b9 src/store.ts:151 literal-boundary "0" -> "1"
[214/475] survived  m-a9d3160bfa src/store.ts:152 statement-deletion "check(MINOR_UNITS.includes(fixture.minor_units          ), 'minor_units must be 0, 2 or 3');" -> ";"
[215/475] survived  m-9725945bac src/store.ts:160 statement-deletion "check(isObj(raw), 'each user must be an object');" -> ";"
[216/475] killed    m-186fbb6455 src/store.ts:163 negation-removal "!" -> ""
[217/475] survived  m-4c410f314e src/store.ts:162 statement-deletion "check(isId(id) && !ids.has(id), 'user ids must be unique strings');" -> ";"
[218/475] survived  m-b910a8163b src/store.ts:162 logical "&&" -> "||"
[219/475] survived  m-5e0babfbb4 src/store.ts:163 statement-deletion "check(isStr(email) && /^[^@\\s]+@[^@\\s]+$/.test(email) && !emails.has(email.toLowerCase()), 'user emails must be valid and unique');" -> ";"
[220/475] survived  m-011c891928 src/store.ts:163 logical "&&" -> "||"
[221/475] survived  m-bf25c0ee37 src/store.ts:163 logical "&&" -> "||"
[222/475] survived  m-87f861267d src/store.ts:164 statement-deletion "check(isStr(password) && password.length > 0, 'user password is required');" -> ";"
[223/475] survived  m-6cd1a991af src/store.ts:164 logical "&&" -> "||"
[224/475] survived  m-5839279e87 src/store.ts:164 boundary ">" -> ">="
[225/475] killed    m-b49da4d791 src/store.ts:166 negation-removal "!" -> ""
[226/475] survived  m-8b09e83a2d src/store.ts:164 literal-boundary "0" -> "1"
[227/475] survived  m-1407cb78ee src/store.ts:165 statement-deletion "check(isStr(displayName), 'user display_name must be a string');" -> ";"
[228/475] killed    m-1d271f0c91 src/store.ts:168 statement-deletion "ids.add(id);" -> ";"
[229/475] survived  m-169095f16a src/store.ts:166 statement-deletion "check(isStr(handle) && HANDLE.test(handle) && !handles.has(handle), 'user handles must be valid and unique');" -> ";"
[230/475] killed    m-07723e7707 src/store.ts:171 statement-deletion "seeds.push({ id, email, password, displayName, handle, balance });" -> ";"
[231/475] survived  m-a3cd0fcf7c src/store.ts:166 logical "&&" -> "||"
[232/475] killed    m-e3d35843ac src/store.ts:167 statement-deletion "check(isBalance(balance), 'user balance must be a non-negative integer');" -> ";"
[233/475] survived  m-ff9cc6ff29 src/store.ts:166 logical "&&" -> "||"
[234/475] killed    m-54ad1993e1 src/store.ts:177 negation-removal "!" -> ""
[235/475] survived  m-50f043fe6e src/store.ts:169 statement-deletion "emails.add(email.toLowerCase());" -> ";"
[236/475] survived  m-54a0ef71ab src/store.ts:170 statement-deletion "handles.add(handle);" -> ";"
[237/475] survived  m-b7a344fc94 src/store.ts:175 statement-deletion "check(isObj(raw), 'each payment must be an object');" -> ";"
[238/475] survived  m-b68f3866e4 src/store.ts:177 statement-deletion "check(isId(id) && !data.payments.some((p) => p.id === id), 'payment ids must be unique strings');" -> ";"
[239/475] survived  m-003875a895 src/store.ts:177 logical "&&" -> "||"
[240/475] survived  m-4f2df9cb2f src/store.ts:177 equality-negation "===" -> "!=="
[241/475] survived  m-8ad87ca1fe src/store.ts:178 statement-deletion "check(isStr(from) && ids.has(from) && isStr(to) && ids.has(to) && from !== to, 'payment parties must be two seeded users');" -> ";"
[242/475] survived  m-78b6badc88 src/store.ts:178 logical "&&" -> "||"
[243/475] survived  m-2d9b599175 src/store.ts:178 logical "&&" -> "||"
[244/475] survived  m-f08b16ca21 src/store.ts:178 logical "&&" -> "||"
[245/475] survived  m-fb57379d29 src/store.ts:178 logical "&&" -> "||"
[246/475] killed    m-66443641e2 src/store.ts:178 equality-negation "!==" -> "==="
[247/475] killed    m-df04d0b352 src/store.ts:181 statement-deletion "data.payments.push({ id, fromUserId: from, toUserId: to, amount, note, visibility, requestId: null, settlementId: null, createdAt });" -> ";"
[248/475] survived  m-26078f6869 src/store.ts:179 statement-deletion "check(isAmount(amount), 'payment amount is out of range');" -> ";"
[249/475] survived  m-afc5f6b827 src/store.ts:180 statement-deletion "check(isStr(note) && isVisibility(visibility), 'payment note or visibility is invalid');" -> ";"
[250/475] survived  m-d2d865c20d src/store.ts:180 logical "&&" -> "||"
[251/475] survived  m-8fb4772d63 src/store.ts:185 statement-deletion "check(isObj(raw), 'each request must be an object');" -> ";"
[252/475] survived  m-836e6c679f src/store.ts:187 statement-deletion "check(isId(id) && !data.requests.some((r) => r.id === id), 'request ids must be unique strings');" -> ";"
[253/475] survived  m-a6a3ef2c31 src/store.ts:187 logical "&&" -> "||"
[254/475] killed    m-58da0fdb26 src/store.ts:187 negation-removal "!" -> ""
[255/475] survived  m-14d271b045 src/store.ts:187 equality-negation "===" -> "!=="
[256/475] survived  m-d37fd40a97 src/store.ts:188 statement-deletion "check(isStr(requester) && ids.has(requester) && isStr(payer) && ids.has(payer) && requester !== payer, 'request parties must be two seeded users');" -> ";"
[257/475] survived  m-a2360c25bd src/store.ts:188 logical "&&" -> "||"
[258/475] survived  m-0aa4ce2475 src/store.ts:188 logical "&&" -> "||"
[259/475] survived  m-24c7ff668c src/store.ts:188 logical "&&" -> "||"
[260/475] survived  m-d4035b70c3 src/store.ts:188 logical "&&" -> "||"
[261/475] killed    m-f57bc93a06 src/store.ts:188 equality-negation "!==" -> "==="
[262/475] survived  m-6acddf978a src/store.ts:189 statement-deletion "check(isAmount(amount), 'request amount is out of range');" -> ";"
[263/475] survived  m-712a4c4b10 src/store.ts:190 statement-deletion "check(isStr(note) && REQUEST_STATUSES.includes(status                 ), 'request note or status is invalid');" -> ";"
[264/475] survived  m-9983ac63e9 src/store.ts:190 logical "&&" -> "||"
[265/475] survived  m-ac57d78f00 src/store.ts:191 statement-deletion "check(paymentId === null || isStr(paymentId), 'request payment_id must be a string or null');" -> ";"
[266/475] killed    m-70e1685101 src/store.ts:191 equality-negation "===" -> "!=="
[267/475] killed    m-20454799d1 src/store.ts:191 logical "||" -> "&&"
[268/475] killed    m-b52dfd29fb src/store.ts:192 statement-deletion "data.requests.push({ id, requesterId: requester, payerId: payer, amount, note, status: status                 , paymentId, createdAt });" -> ";"
[269/475] killed    m-e0aeeecb71 src/store.ts:197 statement-deletion "data.operatorIds = operators            ;" -> ";"
[270/475] survived  m-d9a9565737 src/store.ts:196 statement-deletion "check(operators.every(isStr), 'settlement_operator_ids must be strings');" -> ";"
[271/475] killed    m-205fa0845e src/store.ts:207 statement-deletion "check(isObj(state), 'state must be an object');" -> ";"
[272/475] killed    m-37fb697471 src/store.ts:209 statement-deletion "check(isStr(currency) && MINOR_UNITS.includes(minorUnits          ), 'state currency is invalid');" -> ";"
[273/475] killed    m-31e0caa951 src/store.ts:209 logical "&&" -> "||"
[274/475] killed    m-5525c4209d src/store.ts:210 statement-deletion "check(Array.isArray(users) && Array.isArray(payments) && Array.isArray(requests), 'state lists are missing');" -> ";"
[275/475] killed    m-5a54cb1fc1 src/store.ts:210 logical "&&" -> "||"
[276/475] killed    m-37ed13c373 src/store.ts:210 logical "&&" -> "||"
[277/475] killed    m-5c66a30936 src/store.ts:211 statement-deletion "check(isObj(tokens) && isObj(idempotency) && Array.isArray(operatorIds), 'state maps are missing');" -> ";"
[278/475] killed    m-8b8810c4ac src/store.ts:211 logical "&&" -> "||"
[279/475] killed    m-b14d08df24 src/store.ts:211 logical "&&" -> "||"
[280/475] killed    m-a78f83da65 src/store.ts:215 logical "&&" -> "||"
[281/475] killed    m-3450f92d18 src/store.ts:215 logical "&&" -> "||"
[282/475] killed    m-80e9c37490 src/store.ts:215 logical "&&" -> "||"
[283/475] killed    m-96ca350fdd src/store.ts:215 logical "&&" -> "||"
[284/475] killed    m-a45643db4a src/store.ts:216 logical "&&" -> "||"
[285/475] killed    m-64c3eb7435 src/store.ts:216 logical "&&" -> "||"
[286/475] killed    m-6027658357 src/store.ts:217 negation-removal "!" -> ""
[287/475] killed    m-5b5d1136eb src/store.ts:216 logical "&&" -> "||"
[288/475] survived  m-3d711b8e79 src/store.ts:217 statement-deletion "check(!userIds.has(u.id) && !handles.has(u.handle), 'state users are duplicated');" -> ";"
[289/475] killed    m-b9c5adc436 src/store.ts:217 negation-removal "!" -> ""
[290/475] survived  m-2d26c6a1a3 src/store.ts:217 logical "&&" -> "||"
[291/475] killed    m-87e6f26a57 src/store.ts:218 statement-deletion "userIds.add(u.id);" -> ";"
[292/475] survived  m-7004541f7b src/store.ts:219 statement-deletion "handles.add(u.handle);" -> ";"
[293/475] killed    m-c3a3f222f6 src/store.ts:222 logical "&&" -> "||"
[294/475] killed    m-694d6be9bd src/store.ts:222 logical "&&" -> "||"
[295/475] killed    m-a5281ef6f8 src/store.ts:222 logical "&&" -> "||"
[296/475] killed    m-588986a938 src/store.ts:223 logical "&&" -> "||"
[297/475] killed    m-e2f7e5063f src/store.ts:223 logical "&&" -> "||"
[298/475] killed    m-421958ac08 src/store.ts:223 logical "&&" -> "||"
[299/475] killed    m-60628ab3e3 src/store.ts:223 logical "&&" -> "||"
[300/475] killed    m-4522f72d95 src/store.ts:226 logical "&&" -> "||"
[301/475] killed    m-45929e99b9 src/store.ts:226 logical "&&" -> "||"
[302/475] killed    m-2565459528 src/store.ts:226 logical "&&" -> "||"
[303/475] killed    m-6dba12022a src/store.ts:227 logical "&&" -> "||"
[304/475] killed    m-a7d5fef302 src/store.ts:227 logical "&&" -> "||"
[305/475] killed    m-01f1f43843 src/store.ts:227 logical "&&" -> "||"
[306/475] killed    m-3714c15a77 src/store.ts:228 logical "&&" -> "||"
[307/475] killed    m-bd5f72ee22 src/validate.ts:8 literal-boundary "1_000_000_000" -> "1000000001"
[308/475] killed    m-39d9ef7f1d src/validate.ts:11 literal-boundary "1" -> "2"
[309/475] killed    m-a5fe60d102 src/validate.ts:12 guard-bypass "typeof value !== 'number' || !Number.isInteger(value) || value < min || value > MAX_AMOUNT" -> "false"
[310/475] killed    m-acec23cc56 src/store.ts:230 statement-deletion "check(Object.values(tokens).every((id) => userIds.has(id          )), 'state token names an unknown user');" -> ";"
[311/475] killed    m-b5fc296303 src/store.ts:231 statement-deletion "check(Object.values(idempotency).every((rec) => isObj(rec) && isStr(rec.fingerprint) && 'body' in rec), 'state idempotency record is invalid');" -> ";"
[312/475] killed    m-bbc0f09654 src/validate.ts:12 equality-negation "!==" -> "==="
[313/475] killed    m-2eb006fb0e src/validate.ts:12 negation-removal "!" -> ""
[314/475] killed    m-08240e7484 src/validate.ts:12 logical "||" -> "&&"
[315/475] survived  m-b761d7d3aa src/store.ts:231 logical "&&" -> "||"
[316/475] killed    m-b1e9ec3c68 src/validate.ts:12 logical "||" -> "&&"
[317/475] killed    m-d0c060b2a5 src/store.ts:231 logical "&&" -> "||"
[318/475] killed    m-93caa8bc15 src/validate.ts:12 logical "||" -> "&&"
[319/475] killed    m-dfba573b24 src/validate.ts:19 guard-bypass "value === undefined" -> "false"
[320/475] killed    m-ede17ffbc4 src/validate.ts:19 equality-negation "===" -> "!=="
[321/475] killed    m-69ec2779fa src/validate.ts:12 boundary ">" -> ">="
[322/475] killed    m-97187e7b37 src/validate.ts:12 boundary "<" -> "<="
[323/475] killed    m-f79f813f90 src/validate.ts:20 equality-negation "!==" -> "==="
[324/475] killed    m-89d6098e57 src/validate.ts:21 guard-bypass "[...value].length > 200" -> "false"
[325/475] killed    m-69720d897a src/validate.ts:28 guard-bypass "value === undefined" -> "false"
[326/475] killed    m-3dc19dd237 src/validate.ts:21 boundary ">" -> ">="
[327/475] killed    m-7a84d643b8 src/validate.ts:21 literal-boundary "200" -> "201"
[328/475] killed    m-09620a5afe src/validate.ts:28 equality-negation "===" -> "!=="
[329/475] killed    m-0bd7ce71fc src/validate.ts:29 guard-bypass "value !== 'public' && value !== 'private'" -> "false"
[330/475] killed    m-bd523b5418 src/validate.ts:29 equality-negation "!==" -> "==="
[331/475] killed    m-9466398106 src/validate.ts:35 equality-negation "===" -> "!=="
[332/475] killed    m-6eb3779f47 src/validate.ts:29 equality-negation "!==" -> "==="
[333/475] killed    m-48d1d807a3 src/validate.ts:20 guard-bypass "typeof value !== 'string'" -> "false"
[334/475] killed    m-e72600efc6 src/validate.ts:36 equality-negation "!==" -> "==="
[335/475] killed    m-a280555997 src/validate.ts:29 logical "&&" -> "||"
[336/475] killed    m-60b9a4aa2c src/validate.ts:35 guard-bypass "value === undefined" -> "false"
[337/475] killed    m-34bfc9b4ed src/validate.ts:42 guard-bypass "raw === null" -> "false"
[338/475] killed    m-7e06148987 src/validate.ts:43 negation-removal "!" -> ""
[339/475] killed    m-ee4910a55b src/validate.ts:43 guard-bypass "!/^\\d+$/.test(raw)" -> "false"
[340/475] killed    m-b28c778ce2 src/validate.ts:45 guard-bypass "value < min || value > max" -> "false"
[341/475] killed    m-7eea19aea8 src/validate.ts:45 boundary "<" -> "<="
[342/475] killed    m-6ae3dd1f0e src/validate.ts:50 guard-bypass "raw === null" -> "false"
[343/475] killed    m-81ba704e88 src/validate.ts:45 logical "||" -> "&&"
[344/475] killed    m-c29a15adf8 src/validate.ts:36 guard-bypass "typeof value !== 'string'" -> "false"
[345/475] killed    m-6bde27a527 src/validate.ts:45 boundary ">" -> ">="
[346/475] killed    m-e7688fe2fb src/validate.ts:50 equality-negation "===" -> "!=="
[347/475] killed    m-cb3d8c3131 src/validate.ts:51 negation-removal "!" -> ""
[348/475] killed    m-148dfcbf36 src/validate.ts:51 guard-bypass "!(allowed                     ).includes(raw)" -> "false"
[349/475] killed    m-9711f2a90b src/validate.ts:58 logical "&&" -> "||"
[350/475] killed    m-023114e361 src/wallet.ts:45 statement-deletion "from.balance -= payment.amount;" -> ";"
[351/475] survived  m-6c80ce6640 src/validate.ts:57 guard-bypass "Array.isArray(value)" -> "false"
[352/475] killed    m-735b2207a9 src/wallet.ts:45 compound-assignment "-=" -> "+="
[353/475] killed    m-59e4730491 src/validate.ts:58 guard-bypass "value !== null && typeof value === 'object'" -> "false"
[354/475] killed    m-ee8cb8a4b2 src/validate.ts:58 equality-negation "!==" -> "==="
[355/475] killed    m-a8891a2316 src/wallet.ts:53 guard-bypass "!user" -> "false"
[356/475] killed    m-e06201a967 src/validate.ts:58 equality-negation "===" -> "!=="
[357/475] killed    m-9442bb46f0 src/wallet.ts:46 statement-deletion "to.balance += payment.amount;" -> ";"
[358/475] killed    m-2226aee2a6 src/wallet.ts:46 compound-assignment "+=" -> "-="
[359/475] killed    m-7e500eed0e src/wallet.ts:47 statement-deletion "store().addPayment(payment);" -> ";"
[360/475] killed    m-7b6881b8dc src/wallet.ts:53 negation-removal "!" -> ""
[361/475] killed    m-a3572e3f84 src/wallet.ts:64 equality-negation "===" -> "!=="
[362/475] killed    m-c476faed12 src/wallet.ts:66 guard-bypass "caller.balance < amount" -> "false"
[363/475] killed    m-3dca9fff9c src/wallet.ts:66 boundary "<" -> "<="
[364/475] killed    m-6c81e9c521 src/wallet.ts:68 literal-boundary "201" -> "202"
[365/475] killed    m-391a9e3cdf src/wallet.ts:64 guard-bypass "toHandle === caller.handle" -> "false"
[366/475] killed    m-2dec6b1065 src/wallet.ts:77 equality-negation "===" -> "!=="
[367/475] killed    m-d863166ae8 src/wallet.ts:64 literal-boundary "422" -> "423"
[368/475] killed    m-a46479b867 src/wallet.ts:77 guard-bypass "payerHandle === caller.handle" -> "false"
[369/475] killed    m-025eb2eece src/wallet.ts:77 literal-boundary "422" -> "423"
[370/475] killed    m-c8d5ca584a src/wallet.ts:80 literal-boundary "201" -> "202"
[371/475] killed    m-4c7827f4cd src/wallet.ts:87 statement-deletion "store().addRequest(request);" -> ";"
[372/475] killed    m-c7dce9370f src/wallet.ts:93 negation-removal "!" -> ""
[373/475] killed    m-ca6de43e1e src/wallet.ts:93 guard-bypass "!request" -> "false"
[374/475] killed    m-17ef116592 src/wallet.ts:97 literal-boundary "409" -> "410"
[375/475] killed    m-d95d92d8cd src/wallet.ts:102 guard-bypass "request.payerId !== caller.id" -> "false"
[376/475] killed    m-91c33b17cc src/wallet.ts:102 equality-negation "!==" -> "==="
[377/475] killed    m-3cddb481d5 src/wallet.ts:103 guard-bypass "request.status !== 'pending'" -> "false"
[378/475] killed    m-8ea98c025f src/wallet.ts:103 equality-negation "!==" -> "==="
[379/475] killed    m-561c1fea74 src/wallet.ts:104 guard-bypass "caller.balance < request.amount" -> "false"
[380/475] timeout   m-2b76d77904 src/validate.ts:42 equality-negation "===" -> "!=="
[381/475] killed    m-edf7e4c45f src/wallet.ts:108 statement-deletion "request.status = 'paid';" -> ";"
[382/475] killed    m-046e11c3fd src/wallet.ts:104 boundary "<" -> "<="
[383/475] killed    m-a46179d2ec src/wallet.ts:110 literal-boundary "201" -> "202"
[384/475] killed    m-9a69b75f1b src/wallet.ts:116 equality-negation "===" -> "!=="
[385/475] killed    m-d4401ca760 src/wallet.ts:117 guard-bypass "owner !== caller.id" -> "false"
[386/475] killed    m-1242131b4c src/wallet.ts:117 equality-negation "!==" -> "==="
[387/475] killed    m-4ab13ecdff src/wallet.ts:118 guard-bypass "request.status !== to" -> "false"
[388/475] killed    m-600e651b7e src/wallet.ts:118 equality-negation "!==" -> "==="
[389/475] killed    m-572eb80f7f src/wallet.ts:109 statement-deletion "request.paymentId = payment.id;" -> ";"
[390/475] killed    m-0744118aa1 src/wallet.ts:119 guard-bypass "request.status !== 'pending'" -> "false"
[391/475] killed    m-947d913b86 src/wallet.ts:119 equality-negation "!==" -> "==="
[392/475] killed    m-aa50440a06 src/wallet.ts:120 statement-deletion "request.status = to;" -> ";"
[393/475] killed    m-9d02d8c269 src/wallet.ts:122 literal-boundary "200" -> "201"
[394/475] killed    m-d379e08025 src/wallet.ts:130 equality-negation "!==" -> "==="
[395/475] killed    m-7b36f7148a src/wallet.ts:130 equality-negation "===" -> "!=="
[396/475] killed    m-6f97d6f821 src/wallet.ts:130 logical "&&" -> "||"
[397/475] survived  m-1a5f6971b5 src/wallet.ts:117 equality-negation "===" -> "!=="
[398/475] killed    m-86f1621a27 src/wallet.ts:130 logical "||" -> "&&"
[399/475] killed    m-ee8fa18116 src/wallet.ts:130 equality-negation "!==" -> "==="
[400/475] killed    m-fc1e733482 src/wallet.ts:130 logical "&&" -> "||"
[401/475] killed    m-d259f62719 src/wallet.ts:131 equality-negation "===" -> "!=="
[402/475] killed    m-2a84ca316d src/wallet.ts:130 equality-negation "===" -> "!=="
[403/475] killed    m-927230ee99 src/wallet.ts:131 logical "||" -> "&&"
[404/475] killed    m-6bbd660664 src/wallet.ts:132 arithmetic "+" -> "-"
[405/475] killed    m-7024d58f72 src/wallet.ts:131 equality-negation "===" -> "!=="
[406/475] killed    m-b55dd6ded3 src/wallet.ts:132 arithmetic "+" -> "-"
[407/475] killed    m-336c32e4e7 src/wallet.ts:139 rounding "Math.floor" -> "Math.ceil"
[408/475] killed    m-7b0ed2ab78 src/wallet.ts:140 arithmetic "-" -> "+"
[409/475] killed    m-2cafa1efbe src/wallet.ts:141 arithmetic "+" -> "-"
[410/475] killed    m-338613e59f src/wallet.ts:132 literal-boundary "200" -> "201"
[411/475] killed    m-7bc5d791b4 src/wallet.ts:141 boundary "<" -> "<="
[412/475] killed    m-2638355f0a src/wallet.ts:141 literal-boundary "1" -> "2"
[413/475] killed    m-4292d27f83 src/wallet.ts:132 boundary ">" -> ">="
[414/475] killed    m-a3c79d6ee7 src/wallet.ts:141 literal-boundary "0" -> "1"
[415/475] killed    m-5e81c1067e src/wallet.ts:147 equality-negation "===" -> "!=="
[416/475] killed    m-d62f70d937 src/wallet.ts:148 negation-removal "!" -> ""
[417/475] killed    m-b93bbf05d2 src/wallet.ts:148 negation-removal "!" -> ""
[418/475] killed    m-a3772a86ba src/wallet.ts:148 equality-negation "===" -> "!=="
[419/475] survived  m-564378c114 src/wallet.ts:147 guard-bypass "handles === undefined" -> "false"
[420/475] killed    m-a224710c84 src/wallet.ts:149 guard-bypass "handles.length === 0 || new Set(handles).size !== handles.length" -> "false"
[421/475] survived  m-14d027cf70 src/wallet.ts:148 guard-bypass "!Array.isArray(handles) || !handles.every((h) => typeof h === 'string')" -> "false"
[422/475] killed    m-a3d042419c src/wallet.ts:149 equality-negation "===" -> "!=="
[423/475] survived  m-1e0b1aa083 src/wallet.ts:148 logical "||" -> "&&"
[424/475] killed    m-6b04a78bc3 src/wallet.ts:149 literal-boundary "0" -> "1"
[425/475] killed    m-2394acd609 src/wallet.ts:149 logical "||" -> "&&"
[426/475] killed    m-fae8a6357f src/wallet.ts:149 equality-negation "!==" -> "==="
[427/475] killed    m-78c336aa39 src/wallet.ts:155 equality-negation "===" -> "!=="
[428/475] killed    m-0f0dba798c src/wallet.ts:157 literal-boundary "201" -> "202"
[429/475] killed    m-7b0c4a5ef4 src/wallet.ts:170 equality-negation "===" -> "!=="
[430/475] killed    m-e879f1d778 src/wallet.ts:170 logical "||" -> "&&"
[431/475] killed    m-1988d5a3ab src/wallet.ts:170 equality-negation "===" -> "!=="
[432/475] killed    m-0c42d10b6b src/wallet.ts:170 logical "||" -> "&&"
[433/475] killed    m-de7920ca40 src/wallet.ts:170 equality-negation "===" -> "!=="
[434/475] killed    m-ccb69b92cc src/wallet.ts:172 arithmetic "+" -> "-"
[435/475] killed    m-148cb9f1f1 src/wallet.ts:172 literal-boundary "200" -> "201"
[436/475] killed    m-3168d1a203 src/wallet.ts:176 literal-boundary "200" -> "201"
[437/475] killed    m-ffbacdf635 src/wallet.ts:176 literal-boundary "0" -> "1"
[438/475] killed    m-40004daf63 src/wallet.ts:172 boundary ">" -> ">="
[439/475] killed    m-e8daf45fd1 src/wallet.ts:172 arithmetic "+" -> "-"
[440/475] killed    m-5eb174907e src/wallet.ts:176 literal-boundary "50" -> "51"
[441/475] killed    m-28e6342c9c src/wallet.ts:176 literal-boundary "0" -> "1"
[442/475] killed    m-23f51c879c src/wallet.ts:176 literal-boundary "1" -> "2"
[443/475] killed    m-f89f71e0b9 src/wallet.ts:183 negation-removal "!" -> ""
[444/475] killed    m-b119168865 src/wallet.ts:183 guard-bypass "!s.data.operatorIds.includes(caller.id)" -> "false"
[445/475] killed    m-c4dc64e0ff src/wallet.ts:185 negation-removal "!" -> ""
[446/475] killed    m-e2f93c4ca9 src/wallet.ts:185 guard-bypass "!Array.isArray(transfers) || transfers.length < 1 || transfers.length > 32" -> "false"
[447/475] killed    m-b7f706f0b4 src/wallet.ts:185 boundary "<" -> "<="
[448/475] killed    m-cf44641145 src/wallet.ts:185 logical "||" -> "&&"
[449/475] killed    m-455a1b3dca src/wallet.ts:185 literal-boundary "1" -> "2"
[450/475] killed    m-7a2c6909b9 src/wallet.ts:185 logical "||" -> "&&"
[451/475] killed    m-d96e918ce3 src/wallet.ts:185 boundary ">" -> ">="
[452/475] killed    m-c6e3d29274 src/wallet.ts:185 literal-boundary "32" -> "33"
[453/475] killed    m-c44e8b195f src/wallet.ts:188 equality-negation "!==" -> "==="
[454/475] survived  m-1b183791f8 src/wallet.ts:188 guard-bypass "typeof t !== 'object' || t === null || Array.isArray(t)" -> "false"
[455/475] killed    m-029189aabd src/wallet.ts:188 equality-negation "===" -> "!=="
[456/475] survived  m-cebe3ff27e src/wallet.ts:188 logical "||" -> "&&"
[457/475] killed    m-2ea49e4380 src/wallet.ts:190 equality-negation "!==" -> "==="
[458/475] survived  m-68429b47bd src/wallet.ts:188 logical "||" -> "&&"
[459/475] killed    m-1b3e940b03 src/wallet.ts:190 guard-bypass "typeof entry.from_handle !== 'string' || typeof entry.to_handle !== 'string'" -> "false"
[460/475] killed    m-f50bc9ffd6 src/wallet.ts:190 logical "||" -> "&&"
[461/475] killed    m-3620a42f16 src/wallet.ts:190 equality-negation "!==" -> "==="
[462/475] killed    m-4cf1697cac src/wallet.ts:196 guard-bypass "from.id === to.id" -> "false"
[463/475] killed    m-b3be0a9174 src/wallet.ts:196 equality-negation "===" -> "!=="
[464/475] killed    m-1977e4449f src/wallet.ts:196 literal-boundary "422" -> "423"
[465/475] killed    m-e368f768ab src/wallet.ts:201 statement-deletion "net.set(leg.from, (net.get(leg.from) ?? 0) - leg.amount);" -> ";"
[466/475] killed    m-e2abac83c6 src/wallet.ts:201 literal-boundary "0" -> "1"
[467/475] killed    m-daefe41431 src/wallet.ts:201 arithmetic "-" -> "+"
[468/475] killed    m-8f80a4a48d src/wallet.ts:202 statement-deletion "net.set(leg.to, (net.get(leg.to) ?? 0) + leg.amount);" -> ";"
[469/475] killed    m-f3c481a8f0 src/wallet.ts:202 literal-boundary "0" -> "1"
[470/475] killed    m-c66956eae7 src/wallet.ts:202 arithmetic "+" -> "-"
[471/475] killed    m-4bb8228980 src/wallet.ts:204 guard-bypass "user.balance + delta < 0" -> "false"
[472/475] killed    m-bb8a675898 src/wallet.ts:204 arithmetic "+" -> "-"
[473/475] killed    m-a30fd81dba src/wallet.ts:204 boundary "<" -> "<="
[474/475] killed    m-69a7fe0daf src/wallet.ts:204 literal-boundary "0" -> "1"
[475/475] killed    m-5b2d21ea2c src/wallet.ts:210 literal-boundary "201" -> "202"
{
  "kind": "mutation-campaign",
  "target": "calibration/pocketful-stage-1",
  "files": [
    "src/auth.ts",
    "src/errors.ts",
    "src/server.ts",
    "src/store.ts",
    "src/validate.ts",
    "src/wallet.ts"
  ],
  "start": "node --no-warnings src/server.ts",
  "check": "calibration/verification/kill-suite.sh {url}",
  "seed": 1,
  "discovered": 475,
  "executed": 475,
  "tally": {
    "killed": 372,
    "survived": 94,
    "timeout": 1,
    "invalid": 8,
    "error": 0,
    "equivalent": 0
  },
  "layers": {
    "adversarial": {
      "killed": 145,
      "onlyThisLayer": 1
    },
    "contract": {
      "killed": 352,
      "onlyThisLayer": 72
    },
    "reference": {
      "killed": 235,
      "onlyThisLayer": 1
    },
    "shipped": {
      "killed": 281,
      "onlyThisLayer": 12
    }
  },
  "valid": 467,
  "killRate": 0.7965738758029979,
  "detectionRate": 0.7987152034261242,
  "formula": "killRate = killed / (killed + survived + timeout); detectionRate counts timeouts as detected; invalid, error and equivalent are excluded from both and listed",
  "campaignBroken": false,
  "finishedAt": "2026-10-01T16:25:51.958Z"
}
