{
  "kind": "reference-campaign",
  "campaign": "pocketful-stage-1-reference",
  "seed": 90210,
  "operationsRequested": 1000,
  "operationsExecuted": 1000,
  "stateComparisons": 1000,
  "invariantChecks": 2100,
  "outcomes": {
    "200": 73,
    "201": 475,
    "409 insufficient_funds": 132,
    "200 replay": 70,
    "403 forbidden": 54,
    "422 self_request": 8,
    "404 not_found": 9,
    "422 validation_failed": 58,
    "422 self_payment": 27,
    "409 request_not_pending": 48,
    "409 idempotency_key_reuse": 38,
    "409 email_taken": 3,
    "409 handle_taken": 5
  },
  "durationMs": 5442,
  "result": "agree",
  "firstDivergence": null,
  "reproduction": "node commit/campaign.ts --module calibration/verification/reference.campaign.ts --base-url <url> --seed 90210 --operations 1000"
}
