discovered 477 mutants in 6 files; running 477
baseline passes the check in 23194 ms
[1/477] killed    m-d6d0a54516 src/auth.ts:18 equality-negation "!==" -> "==="
[2/477] killed    m-3ef5905f0f src/auth.ts:18 negation-removal "!" -> ""
[3/477] killed    m-d47295956e src/auth.ts:18 negation-removal "!" -> ""
[4/477] survived  m-e401bdc792 src/auth.ts:18 guard-bypass "scheme !== 'scrypt' || !salt || !hash" -> "false"
[5/477] survived  m-9dcc24e876 src/auth.ts:12 literal-boundary "32" -> "33"
[6/477] survived  m-ca40dc899f src/auth.ts:18 logical "||" -> "&&"
[7/477] survived  m-81e792af71 src/auth.ts:11 literal-boundary "16" -> "17"
[8/477] survived  m-7d2ab8a2cd src/auth.ts:18 logical "||" -> "&&"
[9/477] survived  m-87cabdc239 src/auth.ts:18 boolean-literal "false" -> "true"
[10/477] killed    m-a99fdaa1ee src/auth.ts:37 literal-boundary "1" -> "2"
[11/477] killed    m-4de3341938 src/auth.ts:38 equality-negation "===" -> "!=="
[12/477] killed    m-eece97a20a src/auth.ts:26 literal-boundary "0" -> "1"
[13/477] killed    m-cfc2eca099 src/auth.ts:26 literal-boundary "0" -> "1"
[14/477] killed    m-016ded800d src/auth.ts:39 negation-removal "!" -> ""
[15/477] killed    m-8f92308506 src/auth.ts:26 literal-boundary "20" -> "21"
[16/477] killed    m-97fdb90d43 src/auth.ts:49 negation-removal "!" -> ""
[17/477] survived  m-4786e592e9 src/auth.ts:30 literal-boundary "32" -> "33"
[18/477] killed    m-62e8967d89 src/auth.ts:39 guard-bypass "!user" -> "false"
[19/477] survived  m-ee2d83f80f src/auth.ts:49 guard-bypass "!/^[^@\\s]+@[^@\\s]+$/.test(email)" -> "false"
[20/477] survived  m-dce8dcea91 src/auth.ts:50 boundary "<" -> "<="
[21/477] survived  m-02dc4f6231 src/auth.ts:50 guard-bypass "password.length < 8" -> "false"
[22/477] survived  m-abd2998b1a src/auth.ts:50 literal-boundary "8" -> "9"
[23/477] killed    m-e7451ec5ca src/auth.ts:54 guard-bypass "store().usersByHandle.has(handle)" -> "false"
[24/477] killed    m-953f2ab661 src/auth.ts:54 literal-boundary "409" -> "410"
[25/477] killed    m-d85c2b3683 src/auth.ts:61 statement-deletion "store().addUser(user);" -> ";"
[26/477] killed    m-4e39ad7f0a src/auth.ts:53 guard-bypass "store().usersByEmail.has(email.toLowerCase())" -> "false"
[27/477] killed    m-2b87b732e7 src/auth.ts:53 literal-boundary "409" -> "410"
[28/477] killed    m-632aab90ab src/auth.ts:62 literal-boundary "201" -> "202"
[29/477] killed    m-090d042ffe src/auth.ts:70 negation-removal "!" -> ""
[30/477] killed    m-da6283ed9d src/auth.ts:70 guard-bypass "!user || !(await verifyPassword(password, user.passwordHash))" -> "false"
[31/477] killed    m-23382dd66b src/auth.ts:70 negation-removal "!" -> ""
[32/477] killed    m-f255edf0aa src/auth.ts:72 equality-negation "!==" -> "==="
[33/477] killed    m-cd9c2b0c25 src/auth.ts:70 logical "||" -> "&&"
[34/477] killed    m-2bc893dc5c src/auth.ts:73 literal-boundary "200" -> "201"
[35/477] killed    m-428232530a src/auth.ts:60 literal-boundary "0" -> "1"
[36/477] survived  m-24e47c41a2 src/auth.ts:56 statement-deletion "taken();" -> ";"
[37/477] killed    m-ccb79bec1c src/errors.ts:10 statement-deletion "this.status = status;" -> ";"
[38/477] killed    m-030a1cbfd2 src/errors.ts:9 statement-deletion "super(message);" -> ";"
[39/477] killed    m-61522c710a src/errors.ts:11 statement-deletion "this.code = code;" -> ";"
[40/477] survived  m-e426553237 src/auth.ts:59 statement-deletion "taken();" -> ";"
[41/477] killed    m-4ba296f178 src/errors.ts:16 literal-boundary "422" -> "423"
[42/477] killed    m-5bfc5b4240 src/errors.ts:17 literal-boundary "404" -> "405"
[43/477] killed    m-787ca4ab58 src/errors.ts:15 literal-boundary "400" -> "401"
[44/477] killed    m-d9e0e26119 src/errors.ts:22 literal-boundary "409" -> "410"
[45/477] killed    m-5ab72ed641 src/errors.ts:18 literal-boundary "403" -> "404"
[46/477] killed    m-3b71f76807 src/errors.ts:20 literal-boundary "401" -> "402"
[47/477] survived  m-6dee67c77a src/auth.ts:72 guard-bypass "store() !== before" -> "false"
[48/477] survived  m-2fb5290ba7 src/server.ts:15 literal-boundary "16" -> "17"
[49/477] survived  m-100bfdd083 src/server.ts:15 literal-boundary "1024" -> "1025"
[50/477] survived  m-a40abbdd2c src/server.ts:15 literal-boundary "1024" -> "1025"
[51/477] killed    m-70ed2c425f src/server.ts:23 statement-deletion "chunks.push(chunk          );" -> ";"
[52/477] survived  m-1d1dc8b79f src/server.ts:19 literal-boundary "0" -> "1"
[53/477] killed    m-e232e696aa src/server.ts:26 equality-negation "===" -> "!=="
[54/477] killed    m-c508776040 src/server.ts:29 statement-deletion "parsed = JSON.parse(text);" -> ";"
[55/477] survived  m-79394663bb src/server.ts:21 statement-deletion "size += (chunk          ).length;" -> ";"
[56/477] killed    m-3e3fa43b5d src/server.ts:33 equality-negation "!==" -> "==="
[57/477] killed    m-fa2d216d30 src/server.ts:26 guard-bypass "text.trim() === ''" -> "false"
[58/477] killed    m-60dec1b9de src/server.ts:33 equality-negation "===" -> "!=="
[59/477] survived  m-99313b349c src/server.ts:21 compound-assignment "+=" -> "-="
[60/477] survived  m-31442439eb src/server.ts:22 guard-bypass "size > MAX_BODY" -> "false"
[61/477] survived  m-4bf166fe91 src/server.ts:22 boundary ">" -> ">="
[62/477] killed    m-db00fc8ab1 src/server.ts:44 guard-bypass "typeof key !== 'string' || key === ''" -> "false"
[63/477] killed    m-c667a592ac src/server.ts:44 equality-negation "!==" -> "==="
[64/477] killed    m-ac4fc04f93 src/server.ts:44 equality-negation "===" -> "!=="
[65/477] survived  m-1f4d087ff0 src/server.ts:33 guard-bypass "typeof parsed !== 'object' || parsed === null || Array.isArray(parsed)" -> "false"
[66/477] survived  m-a173ee9fde src/server.ts:33 logical "||" -> "&&"
[67/477] survived  m-10d48f9daf src/server.ts:33 logical "||" -> "&&"
[68/477] killed    m-954e28348d src/server.ts:44 logical "||" -> "&&"
[69/477] killed    m-f7c384c196 src/server.ts:44 literal-boundary "400" -> "401"
[70/477] killed    m-a8c9c4a977 src/server.ts:45 guard-bypass "key.length > 255" -> "false"
[71/477] killed    m-705c958d8c src/server.ts:50 guard-bypass "previous" -> "false"
[72/477] killed    m-550711ee91 src/server.ts:51 guard-bypass "previous.fingerprint !== fingerprint" -> "false"
[73/477] killed    m-65ba3a5dff src/server.ts:51 equality-negation "!==" -> "==="
[74/477] killed    m-d6081bf6c7 src/server.ts:62 statement-deletion "replace(new Store({ ...data, users }));" -> ";"
[75/477] killed    m-30fe1f07b5 src/server.ts:63 literal-boundary "204" -> "205"
[76/477] killed    m-1410ae369f src/server.ts:51 literal-boundary "409" -> "410"
[77/477] survived  m-150d17d883 src/server.ts:45 boundary ">" -> ">="
[78/477] survived  m-6f16ac2118 src/server.ts:45 literal-boundary "255" -> "256"
[79/477] killed    m-8b9fef90da src/server.ts:52 literal-boundary "200" -> "201"
[80/477] killed    m-b1d3b969c9 src/server.ts:55 statement-deletion "records[slot] = { fingerprint, body: result.body };" -> ";"
[81/477] killed    m-c0f03cbcfd src/server.ts:67 equality-negation "!==" -> "==="
[82/477] survived  m-24643440d2 src/server.ts:67 guard-bypass "body.track !== 'pocketful' || body.format_version !== 1" -> "false"
[83/477] killed    m-300ed1d14f src/server.ts:67 equality-negation "!==" -> "==="
[84/477] killed    m-1933852f27 src/server.ts:67 literal-boundary "1" -> "2"
[85/477] survived  m-8986b4c79c src/server.ts:67 logical "||" -> "&&"
[86/477] killed    m-5e7a8ab68d src/server.ts:68 statement-deletion "replace(new Store(parseState(body.state)));" -> ";"
[87/477] killed    m-ba03dc45ef src/server.ts:75 literal-boundary "1" -> "2"
[88/477] killed    m-cdf830693a src/server.ts:78 logical "&&" -> "||"
[89/477] invalid   m-58ed702ee2 src/server.ts:74 logical "||" -> "&&"
[90/477] killed    m-50054998bf src/server.ts:79 guard-bypass "method === 'POST' && path === '/_test/reset'" -> "false"
[91/477] invalid   m-bbfe490892 src/server.ts:78 guard-bypass "method === 'GET' && path === '/health'" -> "false"
[92/477] killed    m-cf69cfa014 src/server.ts:79 equality-negation "===" -> "!=="
[93/477] killed    m-7d2e43dfbd src/server.ts:79 equality-negation "===" -> "!=="
[94/477] killed    m-a14fbea317 src/server.ts:79 logical "&&" -> "||"
[95/477] killed    m-ba71b65566 src/server.ts:69 literal-boundary "204" -> "205"
[96/477] invalid   m-2e186fdf38 src/server.ts:78 equality-negation "===" -> "!=="
[97/477] killed    m-16a8112e3e src/server.ts:80 logical "&&" -> "||"
[98/477] killed    m-39839bfc2b src/server.ts:80 equality-negation "===" -> "!=="
[99/477] invalid   m-de27f05faf src/server.ts:78 equality-negation "===" -> "!=="
[100/477] invalid   m-11e1753522 src/server.ts:78 literal-boundary "200" -> "201"
[101/477] killed    m-07fcdbd536 src/server.ts:80 equality-negation "===" -> "!=="
[102/477] killed    m-fd40eb41df src/server.ts:80 guard-bypass "method === 'GET' && path === '/_test/export'" -> "false"
[103/477] killed    m-fed7bcd06b src/server.ts:83 logical "&&" -> "||"
[104/477] killed    m-ad170c4255 src/server.ts:83 equality-negation "===" -> "!=="
[105/477] killed    m-3c78bc83f4 src/server.ts:81 literal-boundary "200" -> "201"
[106/477] killed    m-a530b7743a src/server.ts:81 literal-boundary "1" -> "2"
[107/477] killed    m-36b22ee3c4 src/server.ts:84 logical "&&" -> "||"
[108/477] killed    m-a450d6ef19 src/server.ts:84 equality-negation "===" -> "!=="
[109/477] killed    m-1c20fa5ea0 src/server.ts:83 guard-bypass "method === 'POST' && path === '/_test/import'" -> "false"
[110/477] killed    m-095b628ee8 src/server.ts:85 equality-negation "===" -> "!=="
[111/477] killed    m-869bc3bf34 src/server.ts:85 guard-bypass "method === 'POST' && path === '/auth/login'" -> "false"
[112/477] killed    m-d2afd68e82 src/server.ts:83 equality-negation "===" -> "!=="
[113/477] killed    m-fd32d8fc00 src/server.ts:84 guard-bypass "method === 'POST' && path === '/auth/signup'" -> "false"
[114/477] killed    m-190775ef88 src/server.ts:84 equality-negation "===" -> "!=="
[115/477] killed    m-95dbd88267 src/server.ts:85 equality-negation "===" -> "!=="
[116/477] killed    m-4c7434242d src/server.ts:85 logical "&&" -> "||"
[117/477] killed    m-71311a3b5b src/server.ts:89 logical "||" -> "&&"
[118/477] killed    m-85580866f6 src/server.ts:88 equality-negation "===" -> "!=="
[119/477] killed    m-c055af6b37 src/server.ts:89 equality-negation "===" -> "!=="
[120/477] killed    m-920f690e0d src/server.ts:90 logical "||" -> "&&"
[121/477] killed    m-c3f93e2a02 src/server.ts:90 equality-negation "===" -> "!=="
[122/477] killed    m-4afe3e4a1f src/server.ts:90 equality-negation "===" -> "!=="
[123/477] killed    m-ce07537bc3 src/server.ts:90 literal-boundary "3" -> "4"
[124/477] killed    m-aa04d97b76 src/server.ts:90 literal-boundary "0" -> "1"
[125/477] killed    m-9389134c1e src/server.ts:90 equality-negation "===" -> "!=="
[126/477] killed    m-4c575703e3 src/server.ts:90 literal-boundary "2" -> "3"
[127/477] survived  m-89a0528882 src/server.ts:88 logical "&&" -> "||"
[128/477] survived  m-bd90c83cd1 src/server.ts:89 logical "&&" -> "||"
[129/477] killed    m-fd4acdbd31 src/server.ts:91 negation-removal "!" -> ""
[130/477] survived  m-8bbf99cafc src/server.ts:90 logical "&&" -> "||"
[131/477] killed    m-41bc1490cb src/server.ts:94 guard-bypass "method === 'GET'" -> "false"
[132/477] killed    m-cf96f75bf0 src/server.ts:94 equality-negation "===" -> "!=="
[133/477] killed    m-780888c826 src/server.ts:95 guard-bypass "path === '/me'" -> "false"
[134/477] killed    m-297f037f4a src/server.ts:95 equality-negation "===" -> "!=="
[135/477] survived  m-90ebe5dcfa src/server.ts:90 logical "&&" -> "||"
[136/477] killed    m-b3161ac945 src/server.ts:95 literal-boundary "200" -> "201"
[137/477] killed    m-cee36c6631 src/server.ts:96 guard-bypass "path === '/requests'" -> "false"
[138/477] killed    m-8051a6cec2 src/server.ts:96 equality-negation "===" -> "!=="
[139/477] killed    m-1f8d8f3f8c src/server.ts:110 statement-deletion "id = decodeURIComponent(parts[1]);" -> ";"
[140/477] survived  m-9b41bb707b src/server.ts:90 logical "&&" -> "||"
[141/477] killed    m-81fb4adbee src/server.ts:110 literal-boundary "1" -> "2"
[142/477] killed    m-7221f80d95 src/server.ts:114 guard-bypass "parts[2] === 'pay'" -> "false"
[143/477] killed    m-902402e218 src/server.ts:114 literal-boundary "2" -> "3"
[144/477] killed    m-12e24c159c src/server.ts:119 equality-negation "===" -> "!=="
[145/477] killed    m-583f43b2b7 src/server.ts:114 equality-negation "===" -> "!=="
[146/477] killed    m-c0c5e1ddfe src/server.ts:115 literal-boundary "2" -> "3"
[147/477] killed    m-5ca5555f9a src/server.ts:115 equality-negation "===" -> "!=="
[148/477] survived  m-f0b3ddaca4 src/server.ts:91 guard-bypass "!known" -> "false"
[149/477] killed    m-2becb89d4b src/server.ts:130 guard-bypass "error instanceof ApiError" -> "false"
[150/477] invalid   m-9c79e02258 src/server.ts:123 statement-deletion "res.writeHead(status, { 'content-type': 'application/json; charset=utf-8' }).end(JSON.stringify(body));" -> ";"
[151/477] invalid   m-36674c2b3b src/server.ts:128 statement-deletion "send(res, await route(req, new URL(req.url ?? '/', 'http://service')));" -> ";"
[152/477] survived  m-408f7a5cc4 src/server.ts:119 guard-bypass "body === undefined" -> "false"
[153/477] survived  m-d9b248c30a src/server.ts:134 statement-deletion "console.error(JSON.stringify({ level: 'error', method: req.method, url: req.url, error: String((error         )?.stack ?? error) }));" -> ";"
[154/477] invalid   m-6aa21d7bf3 src/server.ts:140 statement-deletion "server.listen(port, '0.0.0.0', () => console.log(JSON.stringify({ level: 'info', msg: 'listening', port })));" -> ";"
[155/477] killed    m-ef74e7b62f src/store.ts:66 statement-deletion "usersById = new Map              ();" -> ";"
[156/477] killed    m-c25e9b6955 src/store.ts:67 statement-deletion "usersByEmail = new Map              ();" -> ";"
[157/477] killed    m-deb4c411bf src/store.ts:68 statement-deletion "usersByHandle = new Map              ();" -> ";"
[158/477] killed    m-3346166959 src/store.ts:69 statement-deletion "paymentsById = new Map                 ();" -> ";"
[159/477] survived  m-f136da5d1a src/server.ts:135 statement-deletion "send(res, { status: 500, body: { error: { code: 'internal_error', message: 'unexpected server error' } } });" -> ";"
[160/477] killed    m-2d6dbc4323 src/store.ts:70 statement-deletion "requestsById = new Map                        ();" -> ";"
[161/477] survived  m-9d3f94fab3 src/server.ts:135 literal-boundary "500" -> "501"
[162/477] killed    m-1bfad12d8a src/store.ts:73 statement-deletion "this.data = data;" -> ";"
[163/477] killed    m-c3d4f7ad45 src/store.ts:81 statement-deletion "this.usersByEmail.set(user.email.toLowerCase(), user);" -> ";"
[164/477] killed    m-e8eda6f0c7 src/store.ts:80 statement-deletion "this.usersById.set(user.id, user);" -> ";"
[165/477] killed    m-1f13ae3005 src/store.ts:82 statement-deletion "this.usersByHandle.set(user.handle, user);" -> ";"
[166/477] survived  m-241c4f82c5 src/server.ts:139 literal-boundary "8080" -> "8081"
[167/477] killed    m-da05f3edb0 src/store.ts:87 statement-deletion "this.indexUser(user);" -> ";"
[168/477] killed    m-247e4f281d src/store.ts:91 statement-deletion "this.data.payments.push(payment);" -> ";"
[169/477] killed    m-c5296c0eae src/store.ts:96 statement-deletion "this.data.requests.push(request);" -> ";"
[170/477] killed    m-dc542a283d src/store.ts:97 statement-deletion "this.requestsById.set(request.id, request);" -> ";"
[171/477] killed    m-146e2886fa src/store.ts:102 negation-removal "!" -> ""
[172/477] killed    m-d8749ed5e9 src/server.ts:131 statement-deletion "send(res, { status: error.status, body: { error: { code: error.code, message: error.message } } });" -> ";"
[173/477] survived  m-a9c2d612a7 src/store.ts:86 statement-deletion "this.data.users.push(user);" -> ";"
[174/477] killed    m-95a01f16a9 src/store.ts:114 statement-deletion "current = next;" -> ";"
[175/477] killed    m-0e409ce4c0 src/store.ts:125 equality-negation "===" -> "!=="
[176/477] killed    m-88bd953c65 src/store.ts:125 equality-negation "!==" -> "==="
[177/477] survived  m-4286f6f846 src/store.ts:92 statement-deletion "this.paymentsById.set(payment.id, payment);" -> ";"
[178/477] killed    m-1a08d88b39 src/store.ts:125 negation-removal "!" -> ""
[179/477] killed    m-46eb8abda9 src/store.ts:126 equality-negation "===" -> "!=="
[180/477] killed    m-ca29581670 src/server.ts:120 statement-deletion "res.writeHead(status).end();" -> ";"
[181/477] survived  m-70614d9f68 src/store.ts:102 guard-bypass "!user" -> "false"
[182/477] survived  m-ac22788885 src/store.ts:109 literal-boundary "2" -> "3"
[183/477] survived  m-59f0ede7d3 src/store.ts:125 logical "&&" -> "||"
[184/477] survived  m-221baf5583 src/store.ts:125 logical "&&" -> "||"
[185/477] survived  m-644d23be9b src/store.ts:127 logical "&&" -> "||"
[186/477] survived  m-02bf6df196 src/store.ts:127 boundary ">" -> ">="
[187/477] survived  m-4ce4dfeb6d src/store.ts:127 literal-boundary "0" -> "1"
[188/477] survived  m-a93ac6b65d src/store.ts:127 logical "&&" -> "||"
[189/477] survived  m-1de3e85ff8 src/store.ts:127 boundary "<=" -> "<"
[190/477] survived  m-10ca1db7ce src/store.ts:127 literal-boundary "64" -> "65"
[191/477] killed    m-1167415249 src/store.ts:128 logical "&&" -> "||"
[192/477] killed    m-61d7d5391a src/store.ts:128 boundary ">=" -> ">"
[193/477] killed    m-0fd9565878 src/store.ts:128 literal-boundary "0" -> "1"
[194/477] survived  m-13d6482d46 src/store.ts:129 logical "&&" -> "||"
[195/477] survived  m-4a9861dde8 src/store.ts:129 boundary ">=" -> ">"
[196/477] survived  m-5257ac100a src/store.ts:129 literal-boundary "1" -> "2"
[197/477] survived  m-5c0c391913 src/store.ts:129 logical "&&" -> "||"
[198/477] killed    m-2fc3f8f86c src/store.ts:130 equality-negation "===" -> "!=="
[199/477] survived  m-e0953b830b src/store.ts:129 boundary "<=" -> "<"
[200/477] killed    m-a487fce78a src/store.ts:131 literal-boundary "2" -> "3"
[201/477] killed    m-69e8c12c35 src/store.ts:130 logical "||" -> "&&"
[202/477] killed    m-42ebb02a5f src/store.ts:134 negation-removal "!" -> ""
[203/477] killed    m-8134d97f6e src/store.ts:138 equality-negation "===" -> "!=="
[204/477] killed    m-3a41e58ed1 src/store.ts:138 guard-bypass "value === undefined" -> "false"
[205/477] killed    m-baef97d0c8 src/store.ts:130 equality-negation "===" -> "!=="
[206/477] killed    m-4441ef3079 src/store.ts:131 literal-boundary "0" -> "1"
[207/477] killed    m-66e4b50134 src/store.ts:131 literal-boundary "3" -> "4"
[208/477] killed    m-f44744246f src/store.ts:134 guard-bypass "!condition" -> "false"
[209/477] survived  m-ec08ad71d2 src/store.ts:139 statement-deletion "check(Array.isArray(value), `${field} must be an array`);" -> ";"
[210/477] survived  m-e869dceb51 src/store.ts:153 statement-deletion "check(isObj(fixture), 'fixture must be an object');" -> ";"
[211/477] survived  m-09855906fc src/store.ts:154 statement-deletion "check(isStr(fixture.currency) && fixture.currency.length > 0, 'currency is required');" -> ";"
[212/477] survived  m-621ce5effa src/store.ts:154 logical "&&" -> "||"
[213/477] survived  m-6911ae2b20 src/store.ts:154 boundary ">" -> ">="
[214/477] killed    m-9d84298677 src/store.ts:165 negation-removal "!" -> ""
[215/477] survived  m-5bb081aadd src/store.ts:154 literal-boundary "0" -> "1"
[216/477] survived  m-5dc4b6f168 src/store.ts:155 statement-deletion "check(MINOR_UNITS.includes(fixture.minor_units          ), 'minor_units must be 0, 2 or 3');" -> ";"
[217/477] survived  m-5af4064d4c src/store.ts:163 statement-deletion "check(isObj(raw), 'each user must be an object');" -> ";"
[218/477] killed    m-4ba6327e83 src/store.ts:166 negation-removal "!" -> ""
[219/477] survived  m-4d220d8399 src/store.ts:165 statement-deletion "check(isId(id) && !ids.has(id), 'user ids must be unique strings');" -> ";"
[220/477] survived  m-67288a8c81 src/store.ts:165 logical "&&" -> "||"
[221/477] survived  m-0fe0f1eda8 src/store.ts:166 statement-deletion "check(isStr(email) && /^[^@\\s]+@[^@\\s]+$/.test(email) && !emails.has(email.toLowerCase()), 'user emails must be valid and unique');" -> ";"
[222/477] survived  m-0871606717 src/store.ts:166 logical "&&" -> "||"
[223/477] survived  m-41f8be4974 src/store.ts:166 logical "&&" -> "||"
[224/477] survived  m-c94f668766 src/store.ts:167 statement-deletion "check(isStr(password) && password.length > 0, 'user password is required');" -> ";"
[225/477] survived  m-ca4ef18f8f src/store.ts:167 logical "&&" -> "||"
[226/477] survived  m-166205683b src/store.ts:167 boundary ">" -> ">="
[227/477] killed    m-53b5129e4b src/store.ts:169 negation-removal "!" -> ""
[228/477] survived  m-9c5046e47e src/store.ts:167 literal-boundary "0" -> "1"
[229/477] survived  m-616b96280e src/store.ts:168 statement-deletion "check(isStr(displayName), 'user display_name must be a string');" -> ";"
[230/477] killed    m-05ce36b7de src/store.ts:171 statement-deletion "ids.add(id);" -> ";"
[231/477] survived  m-348c46120e src/store.ts:169 statement-deletion "check(isStr(handle) && HANDLE.test(handle) && !handles.has(handle), 'user handles must be valid and unique');" -> ";"
[232/477] killed    m-88078c126d src/store.ts:174 statement-deletion "seeds.push({ id, email, password, displayName, handle, balance });" -> ";"
[233/477] survived  m-482561762d src/store.ts:169 logical "&&" -> "||"
[234/477] survived  m-8450a08c4d src/store.ts:169 logical "&&" -> "||"
[235/477] killed    m-02239f1faf src/store.ts:170 statement-deletion "check(isBalance(balance), 'user balance must be a non-negative integer');" -> ";"
[236/477] killed    m-d5ea651520 src/store.ts:180 negation-removal "!" -> ""
[237/477] survived  m-e1b4671010 src/store.ts:172 statement-deletion "emails.add(email.toLowerCase());" -> ";"
[238/477] survived  m-c43238d1b8 src/store.ts:173 statement-deletion "handles.add(handle);" -> ";"
[239/477] survived  m-139d2ca5f3 src/store.ts:178 statement-deletion "check(isObj(raw), 'each payment must be an object');" -> ";"
[240/477] survived  m-7567539f64 src/store.ts:180 statement-deletion "check(isId(id) && !data.payments.some((p) => p.id === id), 'payment ids must be unique strings');" -> ";"
[241/477] survived  m-acaf928b44 src/store.ts:180 logical "&&" -> "||"
[242/477] survived  m-038275041d src/store.ts:180 equality-negation "===" -> "!=="
[243/477] survived  m-b743532392 src/store.ts:181 statement-deletion "check(isStr(from) && ids.has(from) && isStr(to) && ids.has(to) && from !== to, 'payment parties must be two seeded users');" -> ";"
[244/477] survived  m-53b7c91439 src/store.ts:181 logical "&&" -> "||"
[245/477] survived  m-24b7ca1290 src/store.ts:181 logical "&&" -> "||"
[246/477] survived  m-e8096609a6 src/store.ts:181 logical "&&" -> "||"
[247/477] survived  m-55ac5a00cf src/store.ts:181 logical "&&" -> "||"
[248/477] killed    m-d0c69ba7ee src/store.ts:181 equality-negation "!==" -> "==="
[249/477] killed    m-bbe7e661ba src/store.ts:184 statement-deletion "data.payments.push({ id, fromUserId: from, toUserId: to, amount, note, visibility, requestId: null, settlementId: null, createdAt });" -> ";"
[250/477] survived  m-a4007b9e20 src/store.ts:182 statement-deletion "check(isAmount(amount), 'payment amount is out of range');" -> ";"
[251/477] survived  m-23493c034f src/store.ts:183 statement-deletion "check(isStr(note) && isVisibility(visibility), 'payment note or visibility is invalid');" -> ";"
[252/477] survived  m-438fdcdfa9 src/store.ts:183 logical "&&" -> "||"
[253/477] survived  m-cfd4b2d65f src/store.ts:188 statement-deletion "check(isObj(raw), 'each request must be an object');" -> ";"
[254/477] survived  m-f7e800ad9f src/store.ts:190 statement-deletion "check(isId(id) && !data.requests.some((r) => r.id === id), 'request ids must be unique strings');" -> ";"
[255/477] survived  m-b206906507 src/store.ts:190 logical "&&" -> "||"
[256/477] killed    m-1acc8f0bfd src/store.ts:190 negation-removal "!" -> ""
[257/477] survived  m-02bee0d605 src/store.ts:190 equality-negation "===" -> "!=="
[258/477] survived  m-2a6774fef5 src/store.ts:191 statement-deletion "check(isStr(requester) && ids.has(requester) && isStr(payer) && ids.has(payer) && requester !== payer, 'request parties must be two seeded users');" -> ";"
[259/477] survived  m-5c728a9076 src/store.ts:191 logical "&&" -> "||"
[260/477] survived  m-42f17d885c src/store.ts:191 logical "&&" -> "||"
[261/477] survived  m-0dc49bff48 src/store.ts:191 logical "&&" -> "||"
[262/477] survived  m-ec8d50f11c src/store.ts:191 logical "&&" -> "||"
[263/477] killed    m-f604ce8da6 src/store.ts:191 equality-negation "!==" -> "==="
[264/477] survived  m-bce42e2ebb src/store.ts:192 statement-deletion "check(isAmount(amount), 'request amount is out of range');" -> ";"
[265/477] survived  m-9d339c17ea src/store.ts:193 statement-deletion "check(isStr(note) && REQUEST_STATUSES.includes(status                 ), 'request note or status is invalid');" -> ";"
[266/477] survived  m-fc180345ea src/store.ts:193 logical "&&" -> "||"
[267/477] survived  m-e1588d2350 src/store.ts:194 statement-deletion "check(paymentId === null || isStr(paymentId), 'request payment_id must be a string or null');" -> ";"
[268/477] killed    m-8ad87f5692 src/store.ts:194 equality-negation "===" -> "!=="
[269/477] killed    m-25f27fda7f src/store.ts:194 logical "||" -> "&&"
[270/477] killed    m-d8548a1424 src/store.ts:195 statement-deletion "data.requests.push({ id, requesterId: requester, payerId: payer, amount, note, status: status                 , paymentId, createdAt });" -> ";"
[271/477] killed    m-16ab4ac913 src/store.ts:200 statement-deletion "data.operatorIds = operators            ;" -> ";"
[272/477] survived  m-68f08e0313 src/store.ts:199 statement-deletion "check(operators.every(isStr), 'settlement_operator_ids must be strings');" -> ";"
[273/477] survived  m-6fa39d5489 src/store.ts:210 statement-deletion "check(isObj(state), 'state must be an object');" -> ";"
[274/477] survived  m-dc8dd8e81c src/store.ts:212 statement-deletion "check(isStr(currency) && MINOR_UNITS.includes(minorUnits          ), 'state currency is invalid');" -> ";"
[275/477] survived  m-88668f19ee src/store.ts:212 logical "&&" -> "||"
[276/477] survived  m-ce8e0f47ec src/store.ts:213 statement-deletion "check(Array.isArray(users) && Array.isArray(payments) && Array.isArray(requests), 'state lists are missing');" -> ";"
[277/477] survived  m-7f4fb063a9 src/store.ts:213 logical "&&" -> "||"
[278/477] survived  m-9478f53369 src/store.ts:213 logical "&&" -> "||"
[279/477] survived  m-b8dad80f96 src/store.ts:214 statement-deletion "check(isObj(tokens) && isObj(idempotency) && Array.isArray(operatorIds), 'state maps are missing');" -> ";"
[280/477] survived  m-c52a037af7 src/store.ts:214 logical "&&" -> "||"
[281/477] survived  m-34656ecf8a src/store.ts:214 logical "&&" -> "||"
[282/477] survived  m-3e414d43b0 src/store.ts:218 logical "&&" -> "||"
[283/477] survived  m-3f6ad607e6 src/store.ts:218 logical "&&" -> "||"
[284/477] survived  m-4bd294f1a3 src/store.ts:218 logical "&&" -> "||"
[285/477] survived  m-232843ac42 src/store.ts:218 logical "&&" -> "||"
[286/477] survived  m-aaa62fed76 src/store.ts:219 logical "&&" -> "||"
[287/477] survived  m-ea36bbf777 src/store.ts:219 logical "&&" -> "||"
[288/477] survived  m-f6c0335501 src/store.ts:219 logical "&&" -> "||"
[289/477] survived  m-2f325a82d7 src/store.ts:220 statement-deletion "check(!userIds.has(u.id) && !handles.has(u.handle), 'state users are duplicated');" -> ";"
[290/477] killed    m-f60b25dc23 src/store.ts:220 negation-removal "!" -> ""
[291/477] killed    m-39e34ddb58 src/store.ts:220 negation-removal "!" -> ""
[292/477] survived  m-efee28c9a9 src/store.ts:220 logical "&&" -> "||"
[293/477] killed    m-d08db0e38c src/store.ts:221 statement-deletion "userIds.add(u.id);" -> ";"
[294/477] survived  m-ff5170d03d src/store.ts:222 statement-deletion "handles.add(u.handle);" -> ";"
[295/477] survived  m-b52fdabc13 src/store.ts:225 logical "&&" -> "||"
[296/477] survived  m-6c296ef265 src/store.ts:225 logical "&&" -> "||"
[297/477] survived  m-219e776a89 src/store.ts:225 logical "&&" -> "||"
[298/477] survived  m-a892e8035c src/store.ts:226 logical "&&" -> "||"
[299/477] survived  m-b7051d29ea src/store.ts:226 logical "&&" -> "||"
[300/477] survived  m-9a7e148e8f src/store.ts:226 logical "&&" -> "||"
[301/477] survived  m-d537b5a94c src/store.ts:226 logical "&&" -> "||"
[302/477] survived  m-d42a9b08b3 src/store.ts:229 logical "&&" -> "||"
[303/477] survived  m-2cc579abe5 src/store.ts:229 logical "&&" -> "||"
[304/477] survived  m-4421b8df5b src/store.ts:229 logical "&&" -> "||"
[305/477] survived  m-f6ab5eabba src/store.ts:230 logical "&&" -> "||"
[306/477] survived  m-d168d65d4b src/store.ts:230 logical "&&" -> "||"
[307/477] survived  m-0b2f58930f src/store.ts:230 logical "&&" -> "||"
[308/477] survived  m-6245892e08 src/store.ts:231 logical "&&" -> "||"
[309/477] killed    m-bd5f72ee22 src/validate.ts:8 literal-boundary "1_000_000_000" -> "1000000001"
[310/477] killed    m-a5fe60d102 src/validate.ts:12 guard-bypass "typeof value !== 'number' || !Number.isInteger(value) || value < min || value > MAX_AMOUNT" -> "false"
[311/477] killed    m-bbc0f09654 src/validate.ts:12 equality-negation "!==" -> "==="
[312/477] killed    m-39d9ef7f1d src/validate.ts:11 literal-boundary "1" -> "2"
[313/477] killed    m-2eb006fb0e src/validate.ts:12 negation-removal "!" -> ""
[314/477] survived  m-ae93db0c6f src/store.ts:233 statement-deletion "check(Object.values(tokens).every((id) => userIds.has(id          )), 'state token names an unknown user');" -> ";"
[315/477] killed    m-08240e7484 src/validate.ts:12 logical "||" -> "&&"
[316/477] survived  m-93962d2f9d src/store.ts:234 statement-deletion "check(Object.values(idempotency).every((rec) => isObj(rec) && isStr(rec.fingerprint) && 'body' in rec), 'state idempotency record is invalid');" -> ";"
[317/477] survived  m-da5fc406d3 src/store.ts:234 logical "&&" -> "||"
[318/477] killed    m-b1e9ec3c68 src/validate.ts:12 logical "||" -> "&&"
[319/477] killed    m-93caa8bc15 src/validate.ts:12 logical "||" -> "&&"
[320/477] killed    m-dfba573b24 src/validate.ts:19 guard-bypass "value === undefined" -> "false"
[321/477] killed    m-ede17ffbc4 src/validate.ts:19 equality-negation "===" -> "!=="
[322/477] killed    m-f79f813f90 src/validate.ts:20 equality-negation "!==" -> "==="
[323/477] killed    m-69ec2779fa src/validate.ts:12 boundary ">" -> ">="
[324/477] killed    m-97187e7b37 src/validate.ts:12 boundary "<" -> "<="
[325/477] killed    m-89d6098e57 src/validate.ts:21 guard-bypass "[...value].length > 200" -> "false"
[326/477] survived  m-3a65963ac8 src/store.ts:234 logical "&&" -> "||"
[327/477] killed    m-69720d897a src/validate.ts:28 guard-bypass "value === undefined" -> "false"
[328/477] killed    m-3dc19dd237 src/validate.ts:21 boundary ">" -> ">="
[329/477] killed    m-7a84d643b8 src/validate.ts:21 literal-boundary "200" -> "201"
[330/477] killed    m-09620a5afe src/validate.ts:28 equality-negation "===" -> "!=="
[331/477] killed    m-0bd7ce71fc src/validate.ts:29 guard-bypass "value !== 'public' && value !== 'private'" -> "false"
[332/477] killed    m-9466398106 src/validate.ts:35 equality-negation "===" -> "!=="
[333/477] killed    m-bd523b5418 src/validate.ts:29 equality-negation "!==" -> "==="
[334/477] killed    m-6eb3779f47 src/validate.ts:29 equality-negation "!==" -> "==="
[335/477] killed    m-e72600efc6 src/validate.ts:36 equality-negation "!==" -> "==="
[336/477] killed    m-a280555997 src/validate.ts:29 logical "&&" -> "||"
[337/477] killed    m-60b9a4aa2c src/validate.ts:35 guard-bypass "value === undefined" -> "false"
[338/477] killed    m-48d1d807a3 src/validate.ts:20 guard-bypass "typeof value !== 'string'" -> "false"
[339/477] killed    m-34bfc9b4ed src/validate.ts:42 guard-bypass "raw === null" -> "false"
[340/477] killed    m-7e06148987 src/validate.ts:43 negation-removal "!" -> ""
[341/477] killed    m-ee4910a55b src/validate.ts:43 guard-bypass "!/^\\d+$/.test(raw)" -> "false"
[342/477] killed    m-b28c778ce2 src/validate.ts:45 guard-bypass "value < min || value > max" -> "false"
[343/477] killed    m-7eea19aea8 src/validate.ts:45 boundary "<" -> "<="
[344/477] killed    m-6ae3dd1f0e src/validate.ts:50 guard-bypass "raw === null" -> "false"
[345/477] killed    m-81ba704e88 src/validate.ts:45 logical "||" -> "&&"
[346/477] killed    m-e7688fe2fb src/validate.ts:50 equality-negation "===" -> "!=="
[347/477] killed    m-6bde27a527 src/validate.ts:45 boundary ">" -> ">="
[348/477] survived  m-c29a15adf8 src/validate.ts:36 guard-bypass "typeof value !== 'string'" -> "false"
[349/477] killed    m-148dfcbf36 src/validate.ts:51 guard-bypass "!(allowed                     ).includes(raw)" -> "false"
[350/477] killed    m-cb3d8c3131 src/validate.ts:51 negation-removal "!" -> ""
[351/477] killed    m-9711f2a90b src/validate.ts:58 logical "&&" -> "||"
[352/477] killed    m-023114e361 src/wallet.ts:45 statement-deletion "from.balance -= payment.amount;" -> ";"
[353/477] killed    m-735b2207a9 src/wallet.ts:45 compound-assignment "-=" -> "+="
[354/477] survived  m-ee8cb8a4b2 src/validate.ts:58 equality-negation "!==" -> "==="
[355/477] survived  m-6c80ce6640 src/validate.ts:57 guard-bypass "Array.isArray(value)" -> "false"
[356/477] survived  m-59e4730491 src/validate.ts:58 guard-bypass "value !== null && typeof value === 'object'" -> "false"
[357/477] killed    m-9442bb46f0 src/wallet.ts:46 statement-deletion "to.balance += payment.amount;" -> ";"
[358/477] killed    m-7b6881b8dc src/wallet.ts:53 negation-removal "!" -> ""
[359/477] killed    m-a8891a2316 src/wallet.ts:53 guard-bypass "!user" -> "false"
[360/477] survived  m-e06201a967 src/validate.ts:58 equality-negation "===" -> "!=="
[361/477] killed    m-a3572e3f84 src/wallet.ts:64 equality-negation "===" -> "!=="
[362/477] killed    m-7e500eed0e src/wallet.ts:47 statement-deletion "store().addPayment(payment);" -> ";"
[363/477] killed    m-2226aee2a6 src/wallet.ts:46 compound-assignment "+=" -> "-="
[364/477] killed    m-c476faed12 src/wallet.ts:66 guard-bypass "caller.balance < amount" -> "false"
[365/477] killed    m-3dca9fff9c src/wallet.ts:66 boundary "<" -> "<="
[366/477] killed    m-6c81e9c521 src/wallet.ts:68 literal-boundary "201" -> "202"
[367/477] killed    m-391a9e3cdf src/wallet.ts:64 guard-bypass "toHandle === caller.handle" -> "false"
[368/477] killed    m-2dec6b1065 src/wallet.ts:77 equality-negation "===" -> "!=="
[369/477] killed    m-a46479b867 src/wallet.ts:77 guard-bypass "payerHandle === caller.handle" -> "false"
[370/477] killed    m-025eb2eece src/wallet.ts:77 literal-boundary "422" -> "423"
[371/477] killed    m-d863166ae8 src/wallet.ts:64 literal-boundary "422" -> "423"
[372/477] killed    m-c8d5ca584a src/wallet.ts:80 literal-boundary "201" -> "202"
[373/477] killed    m-4c7827f4cd src/wallet.ts:87 statement-deletion "store().addRequest(request);" -> ";"
[374/477] killed    m-c7dce9370f src/wallet.ts:93 negation-removal "!" -> ""
[375/477] killed    m-ca6de43e1e src/wallet.ts:93 guard-bypass "!request" -> "false"
[376/477] killed    m-17ef116592 src/wallet.ts:97 literal-boundary "409" -> "410"
[377/477] killed    m-d95d92d8cd src/wallet.ts:102 guard-bypass "request.payerId !== caller.id" -> "false"
[378/477] killed    m-91c33b17cc src/wallet.ts:102 equality-negation "!==" -> "==="
[379/477] killed    m-3cddb481d5 src/wallet.ts:103 guard-bypass "request.status !== 'pending'" -> "false"
[380/477] killed    m-8ea98c025f src/wallet.ts:103 equality-negation "!==" -> "==="
[381/477] killed    m-561c1fea74 src/wallet.ts:104 guard-bypass "caller.balance < request.amount" -> "false"
[382/477] killed    m-edf7e4c45f src/wallet.ts:108 statement-deletion "request.status = 'paid';" -> ";"
[383/477] killed    m-a46179d2ec src/wallet.ts:110 literal-boundary "201" -> "202"
[384/477] killed    m-9a69b75f1b src/wallet.ts:116 equality-negation "===" -> "!=="
[385/477] killed    m-046e11c3fd src/wallet.ts:104 boundary "<" -> "<="
[386/477] killed    m-d4401ca760 src/wallet.ts:117 guard-bypass "owner !== caller.id" -> "false"
[387/477] killed    m-1242131b4c src/wallet.ts:117 equality-negation "!==" -> "==="
[388/477] killed    m-4ab13ecdff src/wallet.ts:118 guard-bypass "request.status !== to" -> "false"
[389/477] killed    m-600e651b7e src/wallet.ts:118 equality-negation "!==" -> "==="
[390/477] killed    m-572eb80f7f src/wallet.ts:109 statement-deletion "request.paymentId = payment.id;" -> ";"
[391/477] killed    m-0744118aa1 src/wallet.ts:119 guard-bypass "request.status !== 'pending'" -> "false"
[392/477] killed    m-947d913b86 src/wallet.ts:119 equality-negation "!==" -> "==="
[393/477] killed    m-aa50440a06 src/wallet.ts:120 statement-deletion "request.status = to;" -> ";"
[394/477] killed    m-9d02d8c269 src/wallet.ts:122 literal-boundary "200" -> "201"
[395/477] killed    m-d379e08025 src/wallet.ts:130 equality-negation "!==" -> "==="
[396/477] timeout   m-2b76d77904 src/validate.ts:42 equality-negation "===" -> "!=="
[397/477] killed    m-6f97d6f821 src/wallet.ts:130 logical "&&" -> "||"
[398/477] killed    m-7b36f7148a src/wallet.ts:130 equality-negation "===" -> "!=="
[399/477] survived  m-1a5f6971b5 src/wallet.ts:117 equality-negation "===" -> "!=="
[400/477] killed    m-86f1621a27 src/wallet.ts:130 logical "||" -> "&&"
[401/477] killed    m-ee8fa18116 src/wallet.ts:130 equality-negation "!==" -> "==="
[402/477] killed    m-fc1e733482 src/wallet.ts:130 logical "&&" -> "||"
[403/477] killed    m-2a84ca316d src/wallet.ts:130 equality-negation "===" -> "!=="
[404/477] killed    m-d259f62719 src/wallet.ts:131 equality-negation "===" -> "!=="
[405/477] killed    m-927230ee99 src/wallet.ts:131 logical "||" -> "&&"
[406/477] killed    m-6bbd660664 src/wallet.ts:132 arithmetic "+" -> "-"
[407/477] killed    m-7024d58f72 src/wallet.ts:131 equality-negation "===" -> "!=="
[408/477] killed    m-336c32e4e7 src/wallet.ts:139 rounding "Math.floor" -> "Math.ceil"
[409/477] killed    m-b55dd6ded3 src/wallet.ts:132 arithmetic "+" -> "-"
[410/477] killed    m-7b0ed2ab78 src/wallet.ts:140 arithmetic "-" -> "+"
[411/477] killed    m-2cafa1efbe src/wallet.ts:141 arithmetic "+" -> "-"
[412/477] killed    m-7bc5d791b4 src/wallet.ts:141 boundary "<" -> "<="
[413/477] killed    m-2638355f0a src/wallet.ts:141 literal-boundary "1" -> "2"
[414/477] killed    m-338613e59f src/wallet.ts:132 literal-boundary "200" -> "201"
[415/477] killed    m-a3c79d6ee7 src/wallet.ts:141 literal-boundary "0" -> "1"
[416/477] survived  m-4292d27f83 src/wallet.ts:132 boundary ">" -> ">="
[417/477] killed    m-5e81c1067e src/wallet.ts:147 equality-negation "===" -> "!=="
[418/477] killed    m-d62f70d937 src/wallet.ts:148 negation-removal "!" -> ""
[419/477] killed    m-b93bbf05d2 src/wallet.ts:148 negation-removal "!" -> ""
[420/477] killed    m-a3772a86ba src/wallet.ts:148 equality-negation "===" -> "!=="
[421/477] killed    m-a224710c84 src/wallet.ts:149 guard-bypass "handles.length === 0 || new Set(handles).size !== handles.length" -> "false"
[422/477] survived  m-564378c114 src/wallet.ts:147 guard-bypass "handles === undefined" -> "false"
[423/477] killed    m-a3d042419c src/wallet.ts:149 equality-negation "===" -> "!=="
[424/477] survived  m-14d027cf70 src/wallet.ts:148 guard-bypass "!Array.isArray(handles) || !handles.every((h) => typeof h === 'string')" -> "false"
[425/477] killed    m-6b04a78bc3 src/wallet.ts:149 literal-boundary "0" -> "1"
[426/477] killed    m-2394acd609 src/wallet.ts:149 logical "||" -> "&&"
[427/477] survived  m-1e0b1aa083 src/wallet.ts:148 logical "||" -> "&&"
[428/477] killed    m-fae8a6357f src/wallet.ts:149 equality-negation "!==" -> "==="
[429/477] killed    m-78c336aa39 src/wallet.ts:155 equality-negation "===" -> "!=="
[430/477] killed    m-0f0dba798c src/wallet.ts:157 literal-boundary "201" -> "202"
[431/477] killed    m-7b0c4a5ef4 src/wallet.ts:170 equality-negation "===" -> "!=="
[432/477] killed    m-e879f1d778 src/wallet.ts:170 logical "||" -> "&&"
[433/477] killed    m-1988d5a3ab src/wallet.ts:170 equality-negation "===" -> "!=="
[434/477] killed    m-0c42d10b6b src/wallet.ts:170 logical "||" -> "&&"
[435/477] killed    m-de7920ca40 src/wallet.ts:170 equality-negation "===" -> "!=="
[436/477] killed    m-ccb69b92cc src/wallet.ts:172 arithmetic "+" -> "-"
[437/477] killed    m-148cb9f1f1 src/wallet.ts:172 literal-boundary "200" -> "201"
[438/477] killed    m-3168d1a203 src/wallet.ts:176 literal-boundary "200" -> "201"
[439/477] killed    m-ffbacdf635 src/wallet.ts:176 literal-boundary "0" -> "1"
[440/477] survived  m-40004daf63 src/wallet.ts:172 boundary ">" -> ">="
[441/477] survived  m-e8daf45fd1 src/wallet.ts:172 arithmetic "+" -> "-"
[442/477] survived  m-5eb174907e src/wallet.ts:176 literal-boundary "50" -> "51"
[443/477] killed    m-28e6342c9c src/wallet.ts:176 literal-boundary "0" -> "1"
[444/477] survived  m-23f51c879c src/wallet.ts:176 literal-boundary "1" -> "2"
[445/477] killed    m-b119168865 src/wallet.ts:183 guard-bypass "!s.data.operatorIds.includes(caller.id)" -> "false"
[446/477] killed    m-f89f71e0b9 src/wallet.ts:183 negation-removal "!" -> ""
[447/477] killed    m-c4dc64e0ff src/wallet.ts:185 negation-removal "!" -> ""
[448/477] killed    m-b7f706f0b4 src/wallet.ts:185 boundary "<" -> "<="
[449/477] survived  m-e2f93c4ca9 src/wallet.ts:185 guard-bypass "!Array.isArray(transfers) || transfers.length < 1 || transfers.length > 32" -> "false"
[450/477] survived  m-cf44641145 src/wallet.ts:185 logical "||" -> "&&"
[451/477] killed    m-455a1b3dca src/wallet.ts:185 literal-boundary "1" -> "2"
[452/477] survived  m-7a2c6909b9 src/wallet.ts:185 logical "||" -> "&&"
[453/477] survived  m-d96e918ce3 src/wallet.ts:185 boundary ">" -> ">="
[454/477] killed    m-c44e8b195f src/wallet.ts:188 equality-negation "!==" -> "==="
[455/477] survived  m-1b183791f8 src/wallet.ts:188 guard-bypass "typeof t !== 'object' || t === null || Array.isArray(t)" -> "false"
[456/477] survived  m-c6e3d29274 src/wallet.ts:185 literal-boundary "32" -> "33"
[457/477] survived  m-cebe3ff27e src/wallet.ts:188 logical "||" -> "&&"
[458/477] killed    m-029189aabd src/wallet.ts:188 equality-negation "===" -> "!=="
[459/477] survived  m-68429b47bd src/wallet.ts:188 logical "||" -> "&&"
[460/477] killed    m-2ea49e4380 src/wallet.ts:190 equality-negation "!==" -> "==="
[461/477] survived  m-1b3e940b03 src/wallet.ts:190 guard-bypass "typeof entry.from_handle !== 'string' || typeof entry.to_handle !== 'string'" -> "false"
[462/477] survived  m-f50bc9ffd6 src/wallet.ts:190 logical "||" -> "&&"
[463/477] killed    m-3620a42f16 src/wallet.ts:190 equality-negation "!==" -> "==="
[464/477] killed    m-4cf1697cac src/wallet.ts:196 guard-bypass "from.id === to.id" -> "false"
[465/477] killed    m-b3be0a9174 src/wallet.ts:196 equality-negation "===" -> "!=="
[466/477] killed    m-1977e4449f src/wallet.ts:196 literal-boundary "422" -> "423"
[467/477] killed    m-e368f768ab src/wallet.ts:201 statement-deletion "net.set(leg.from, (net.get(leg.from) ?? 0) - leg.amount);" -> ";"
[468/477] killed    m-e2abac83c6 src/wallet.ts:201 literal-boundary "0" -> "1"
[469/477] killed    m-daefe41431 src/wallet.ts:201 arithmetic "-" -> "+"
[470/477] killed    m-8f80a4a48d src/wallet.ts:202 statement-deletion "net.set(leg.to, (net.get(leg.to) ?? 0) + leg.amount);" -> ";"
[471/477] killed    m-c66956eae7 src/wallet.ts:202 arithmetic "+" -> "-"
[472/477] survived  m-f3c481a8f0 src/wallet.ts:202 literal-boundary "0" -> "1"
[473/477] killed    m-4bb8228980 src/wallet.ts:204 guard-bypass "user.balance + delta < 0" -> "false"
[474/477] killed    m-bb8a675898 src/wallet.ts:204 arithmetic "+" -> "-"
[475/477] killed    m-a30fd81dba src/wallet.ts:204 boundary "<" -> "<="
[476/477] killed    m-69a7fe0daf src/wallet.ts:204 literal-boundary "0" -> "1"
[477/477] killed    m-5b2d21ea2c src/wallet.ts:210 literal-boundary "201" -> "202"
{
  "kind": "mutation-campaign",
  "target": "calibration/pocketful-stage-1",
  "files": [
    "src/auth.ts",
    "src/errors.ts",
    "src/server.ts",
    "src/store.ts",
    "src/validate.ts",
    "src/wallet.ts"
  ],
  "start": "node --no-warnings src/server.ts",
  "check": "calibration/verification/kill-suite.sh {url}",
  "seed": 1,
  "discovered": 477,
  "executed": 477,
  "tally": {
    "killed": 300,
    "survived": 168,
    "timeout": 1,
    "invalid": 8,
    "error": 0,
    "equivalent": 0
  },
  "layers": {
    "adversarial": {
      "killed": 139,
      "onlyThisLayer": 1
    },
    "reference": {
      "killed": 236,
      "onlyThisLayer": 16
    },
    "shipped": {
      "killed": 282,
      "onlyThisLayer": 61
    }
  },
  "valid": 469,
  "killRate": 0.6396588486140725,
  "detectionRate": 0.6417910447761194,
  "formula": "killRate = killed / (killed + survived + timeout); detectionRate counts timeouts as detected; invalid, error and equivalent are excluded from both and listed",
  "campaignBroken": false,
  "finishedAt": "2026-10-01T15:27:02.639Z"
}
