#0 building with "default" instance using docker driver

#1 [internal] load build definition from Dockerfile
#1 transferring dockerfile: 534B done
#1 DONE 0.0s

#2 [internal] load metadata for docker.io/library/node:24-alpine
#2 DONE 8.3s

#3 [internal] load .dockerignore
#3 transferring context: 2B done
#3 DONE 0.0s

#4 [internal] load build context
#4 transferring context: 222B done
#4 DONE 0.0s

#5 [1/3] FROM docker.io/library/node:24-alpine@sha256:ebfe2f90462722a7a4de65e91990e97fe0d401c70e0e762c5b53302f905ec1c1
#5 resolve docker.io/library/node:24-alpine@sha256:ebfe2f90462722a7a4de65e91990e97fe0d401c70e0e762c5b53302f905ec1c1 0.0s done
#5 DONE 0.0s

#6 [2/3] WORKDIR /app
#6 CACHED

#7 [3/3] COPY src ./src
#7 DONE 0.2s

#8 exporting to image
#8 exporting layers 0.1s done
#8 exporting manifest sha256:74e97df95f8e220cd7b530b21fa519f3c218f6d08b966a41198d4393d6a6cdbf 0.0s done
#8 exporting config sha256:1fdb0e91dda3179d4dc07a0f8086b9c350ef1fbc75ef27dee33f5fe714b80ace 0.0s done
#8 exporting attestation manifest sha256:51eef6eb9a20152b1b042bad179d8b4f1b6319a72ff0bfa16cec04ba836637bd 0.0s done
#8 exporting manifest list sha256:d018cafb329414189fb3c39d6ef70971e9aac412b4905149c9447e5b85f126bd 0.0s done
#8 naming to docker.io/library/commit-calibration-stage-1:latest done
#8 unpacking to docker.io/library/commit-calibration-stage-1:latest 0.0s done
#8 DONE 0.2s
