#0 building with "default" instance using docker driver

#1 [internal] load build definition from Dockerfile
#1 transferring dockerfile: 534B done
#1 DONE 0.0s

#2 [internal] load metadata for docker.io/library/node:24-alpine
#2 DONE 1.9s

#3 [internal] load .dockerignore
#3 transferring context: 2B done
#3 DONE 0.0s

#4 [internal] load build context
#4 transferring context: 222B done
#4 DONE 0.0s

#5 [1/3] FROM docker.io/library/node:24-alpine@sha256:ebfe2f90462722a7a4de65e91990e97fe0d401c70e0e762c5b53302f905ec1c1
#5 resolve docker.io/library/node:24-alpine@sha256:ebfe2f90462722a7a4de65e91990e97fe0d401c70e0e762c5b53302f905ec1c1 0.0s done
#5 DONE 0.0s

#6 [2/3] WORKDIR /app
#6 CACHED

#7 [3/3] COPY src ./src
#7 DONE 0.1s

#8 exporting to image
#8 exporting layers 0.1s done
#8 exporting manifest sha256:daf8be9bb9c2ae7c9b81c5135ac273bebe25809de832338b12bd2fee7f6c65ab 0.0s done
#8 exporting config sha256:242702fbffd8a5c6d72d7e13d632437dae3d1a30953ddaff76f64494234e16f4 0.0s done
#8 exporting attestation manifest sha256:b82e3c986b93eaff796d1950140c30449a9abc82b9d0e46bdacafd513d325294 0.0s done
#8 exporting manifest list sha256:1299bd38d1846069b6804727475d5c98bc3fafd02e7367535de350081dbeddd4 0.0s done
#8 naming to docker.io/library/commit-calibration-stage-1:latest done
#8 unpacking to docker.io/library/commit-calibration-stage-1:latest 0.0s done
#8 DONE 0.2s
