discovered 483 mutants in 6 files; running 483
baseline passes the check in 26218 ms
[1/483] equivalent m-81e792af71 src/auth.ts:11 literal-boundary "16" -> "17"
[2/483] equivalent m-9dcc24e876 src/auth.ts:12 literal-boundary "32" -> "33"
[3/483] killed     m-3ef5905f0f src/auth.ts:18 negation-removal "!" -> ""
[4/483] killed     m-d6d0a54516 src/auth.ts:18 equality-negation "!==" -> "==="
[5/483] killed     m-d47295956e src/auth.ts:18 negation-removal "!" -> ""
[6/483] killed     m-eece97a20a src/auth.ts:26 literal-boundary "0" -> "1"
[7/483] killed     m-cfc2eca099 src/auth.ts:26 literal-boundary "0" -> "1"
[8/483] equivalent m-4786e592e9 src/auth.ts:30 literal-boundary "32" -> "33"
[9/483] killed     m-a99fdaa1ee src/auth.ts:37 literal-boundary "1" -> "2"
[10/483] killed     m-4de3341938 src/auth.ts:38 equality-negation "===" -> "!=="
[11/483] killed     m-8f92308506 src/auth.ts:26 literal-boundary "20" -> "21"
[12/483] killed     m-016ded800d src/auth.ts:39 negation-removal "!" -> ""
[13/483] survived   m-ca40dc899f src/auth.ts:18 logical "||" -> "&&"
[14/483] survived   m-e401bdc792 src/auth.ts:18 guard-bypass "scheme !== 'scrypt' || !salt || !hash" -> "false"
[15/483] survived   m-7d2ab8a2cd src/auth.ts:18 logical "||" -> "&&"
[16/483] survived   m-87cabdc239 src/auth.ts:18 boolean-literal "false" -> "true"
[17/483] killed     m-97fdb90d43 src/auth.ts:49 negation-removal "!" -> ""
[18/483] killed     m-62e8967d89 src/auth.ts:39 guard-bypass "!user" -> "false"
[19/483] killed     m-ee2d83f80f src/auth.ts:49 guard-bypass "!/^[^@\\s]+@[^@\\s]+$/.test(email)" -> "false"
[20/483] killed     m-02dc4f6231 src/auth.ts:50 guard-bypass "password.length < 8" -> "false"
[21/483] killed     m-dce8dcea91 src/auth.ts:50 boundary "<" -> "<="
[22/483] equivalent m-24e47c41a2 src/auth.ts:56 statement-deletion "taken();" -> ";"
[23/483] killed     m-abd2998b1a src/auth.ts:50 literal-boundary "8" -> "9"
[24/483] killed     m-4e39ad7f0a src/auth.ts:53 guard-bypass "store().usersByEmail.has(email.toLowerCase())" -> "false"
[25/483] killed     m-e7451ec5ca src/auth.ts:54 guard-bypass "store().usersByHandle.has(handle)" -> "false"
[26/483] killed     m-953f2ab661 src/auth.ts:54 literal-boundary "409" -> "410"
[27/483] killed     m-d85c2b3683 src/auth.ts:61 statement-deletion "store().addUser(user);" -> ";"
[28/483] killed     m-632aab90ab src/auth.ts:62 literal-boundary "201" -> "202"
[29/483] killed     m-2b87b732e7 src/auth.ts:53 literal-boundary "409" -> "410"
[30/483] killed     m-da6283ed9d src/auth.ts:70 guard-bypass "!user || !(await verifyPassword(password, user.passwordHash))" -> "false"
[31/483] equivalent m-6dee67c77a src/auth.ts:72 guard-bypass "store() !== before" -> "false"
[32/483] killed     m-090d042ffe src/auth.ts:70 negation-removal "!" -> ""
[33/483] killed     m-23382dd66b src/auth.ts:70 negation-removal "!" -> ""
[34/483] killed     m-f255edf0aa src/auth.ts:72 equality-negation "!==" -> "==="
[35/483] killed     m-2bc893dc5c src/auth.ts:73 literal-boundary "200" -> "201"
[36/483] killed     m-ccb79bec1c src/errors.ts:10 statement-deletion "this.status = status;" -> ";"
[37/483] killed     m-cd9c2b0c25 src/auth.ts:70 logical "||" -> "&&"
[38/483] killed     m-428232530a src/auth.ts:60 literal-boundary "0" -> "1"
[39/483] killed     m-030a1cbfd2 src/errors.ts:9 statement-deletion "super(message);" -> ";"
[40/483] killed     m-61522c710a src/errors.ts:11 statement-deletion "this.code = code;" -> ";"
[41/483] killed     m-e426553237 src/auth.ts:59 statement-deletion "taken();" -> ";"
[42/483] killed     m-4ba296f178 src/errors.ts:16 literal-boundary "422" -> "423"
[43/483] killed     m-787ca4ab58 src/errors.ts:15 literal-boundary "400" -> "401"
[44/483] killed     m-5bfc5b4240 src/errors.ts:17 literal-boundary "404" -> "405"
[45/483] killed     m-5ab72ed641 src/errors.ts:18 literal-boundary "403" -> "404"
[46/483] killed     m-d9e0e26119 src/errors.ts:22 literal-boundary "409" -> "410"
[47/483] killed     m-3b71f76807 src/errors.ts:20 literal-boundary "401" -> "402"
[48/483] survived   m-2fb5290ba7 src/server.ts:15 literal-boundary "16" -> "17"
[49/483] survived   m-100bfdd083 src/server.ts:15 literal-boundary "1024" -> "1025"
[50/483] survived   m-a40abbdd2c src/server.ts:15 literal-boundary "1024" -> "1025"
[51/483] killed     m-70ed2c425f src/server.ts:23 statement-deletion "chunks.push(chunk          );" -> ";"
[52/483] survived   m-1d1dc8b79f src/server.ts:19 literal-boundary "0" -> "1"
[53/483] survived   m-79394663bb src/server.ts:21 statement-deletion "size += (chunk          ).length;" -> ";"
[54/483] killed     m-e232e696aa src/server.ts:26 equality-negation "===" -> "!=="
[55/483] killed     m-c508776040 src/server.ts:29 statement-deletion "parsed = JSON.parse(text);" -> ";"
[56/483] survived   m-99313b349c src/server.ts:21 compound-assignment "+=" -> "-="
[57/483] killed     m-3e3fa43b5d src/server.ts:33 equality-negation "!==" -> "==="
[58/483] killed     m-60dec1b9de src/server.ts:33 equality-negation "===" -> "!=="
[59/483] killed     m-fa2d216d30 src/server.ts:26 guard-bypass "text.trim() === ''" -> "false"
[60/483] survived   m-31442439eb src/server.ts:22 guard-bypass "size > MAX_BODY" -> "false"
[61/483] killed     m-db00fc8ab1 src/server.ts:44 guard-bypass "typeof key !== 'string' || key === ''" -> "false"
[62/483] survived   m-4bf166fe91 src/server.ts:22 boundary ">" -> ">="
[63/483] killed     m-c667a592ac src/server.ts:44 equality-negation "!==" -> "==="
[64/483] killed     m-1f4d087ff0 src/server.ts:33 guard-bypass "typeof parsed !== 'object' || parsed === null || Array.isArray(parsed)" -> "false"
[65/483] killed     m-a173ee9fde src/server.ts:33 logical "||" -> "&&"
[66/483] killed     m-ac4fc04f93 src/server.ts:44 equality-negation "===" -> "!=="
[67/483] killed     m-10d48f9daf src/server.ts:33 logical "||" -> "&&"
[68/483] killed     m-954e28348d src/server.ts:44 logical "||" -> "&&"
[69/483] killed     m-f7c384c196 src/server.ts:44 literal-boundary "400" -> "401"
[70/483] killed     m-705c958d8c src/server.ts:50 guard-bypass "previous" -> "false"
[71/483] killed     m-a8c9c4a977 src/server.ts:45 guard-bypass "key.length > 255" -> "false"
[72/483] killed     m-550711ee91 src/server.ts:51 guard-bypass "previous.fingerprint !== fingerprint" -> "false"
[73/483] killed     m-65ba3a5dff src/server.ts:51 equality-negation "!==" -> "==="
[74/483] killed     m-6f16ac2118 src/server.ts:45 literal-boundary "255" -> "256"
[75/483] killed     m-150d17d883 src/server.ts:45 boundary ">" -> ">="
[76/483] killed     m-d6081bf6c7 src/server.ts:62 statement-deletion "replace(new Store({ ...data, users }));" -> ";"
[77/483] killed     m-8b9fef90da src/server.ts:52 literal-boundary "200" -> "201"
[78/483] killed     m-1410ae369f src/server.ts:51 literal-boundary "409" -> "410"
[79/483] killed     m-30fe1f07b5 src/server.ts:63 literal-boundary "204" -> "205"
[80/483] killed     m-b1d3b969c9 src/server.ts:55 statement-deletion "records[slot] = { fingerprint, body: result.body };" -> ";"
[81/483] killed     m-c0f03cbcfd src/server.ts:67 equality-negation "!==" -> "==="
[82/483] killed     m-300ed1d14f src/server.ts:67 equality-negation "!==" -> "==="
[83/483] killed     m-1933852f27 src/server.ts:67 literal-boundary "1" -> "2"
[84/483] killed     m-24643440d2 src/server.ts:67 guard-bypass "body.track !== 'pocketful' || body.format_version !== 1" -> "false"
[85/483] killed     m-8986b4c79c src/server.ts:67 logical "||" -> "&&"
[86/483] killed     m-5e7a8ab68d src/server.ts:68 statement-deletion "replace(new Store(parseState(body.state)));" -> ";"
[87/483] killed     m-ba03dc45ef src/server.ts:75 literal-boundary "1" -> "2"
[88/483] killed     m-cdf830693a src/server.ts:78 logical "&&" -> "||"
[89/483] invalid    m-58ed702ee2 src/server.ts:74 logical "||" -> "&&"
[90/483] killed     m-50054998bf src/server.ts:79 guard-bypass "method === 'POST' && path === '/_test/reset'" -> "false"
[91/483] killed     m-cf69cfa014 src/server.ts:79 equality-negation "===" -> "!=="
[92/483] killed     m-a14fbea317 src/server.ts:79 logical "&&" -> "||"
[93/483] invalid    m-bbfe490892 src/server.ts:78 guard-bypass "method === 'GET' && path === '/health'" -> "false"
[94/483] invalid    m-2e186fdf38 src/server.ts:78 equality-negation "===" -> "!=="
[95/483] killed     m-7d2e43dfbd src/server.ts:79 equality-negation "===" -> "!=="
[96/483] killed     m-ba71b65566 src/server.ts:69 literal-boundary "204" -> "205"
[97/483] killed     m-16a8112e3e src/server.ts:80 logical "&&" -> "||"
[98/483] invalid    m-de27f05faf src/server.ts:78 equality-negation "===" -> "!=="
[99/483] invalid    m-11e1753522 src/server.ts:78 literal-boundary "200" -> "201"
[100/483] killed     m-39839bfc2b src/server.ts:80 equality-negation "===" -> "!=="
[101/483] killed     m-fd40eb41df src/server.ts:80 guard-bypass "method === 'GET' && path === '/_test/export'" -> "false"
[102/483] killed     m-07fcdbd536 src/server.ts:80 equality-negation "===" -> "!=="
[103/483] killed     m-fed7bcd06b src/server.ts:83 logical "&&" -> "||"
[104/483] killed     m-ad170c4255 src/server.ts:83 equality-negation "===" -> "!=="
[105/483] killed     m-3c78bc83f4 src/server.ts:81 literal-boundary "200" -> "201"
[106/483] killed     m-a530b7743a src/server.ts:81 literal-boundary "1" -> "2"
[107/483] killed     m-1c20fa5ea0 src/server.ts:83 guard-bypass "method === 'POST' && path === '/_test/import'" -> "false"
[108/483] killed     m-36b22ee3c4 src/server.ts:84 logical "&&" -> "||"
[109/483] killed     m-a450d6ef19 src/server.ts:84 equality-negation "===" -> "!=="
[110/483] killed     m-d2afd68e82 src/server.ts:83 equality-negation "===" -> "!=="
[111/483] killed     m-869bc3bf34 src/server.ts:85 guard-bypass "method === 'POST' && path === '/auth/login'" -> "false"
[112/483] killed     m-095b628ee8 src/server.ts:85 equality-negation "===" -> "!=="
[113/483] killed     m-fd32d8fc00 src/server.ts:84 guard-bypass "method === 'POST' && path === '/auth/signup'" -> "false"
[114/483] killed     m-190775ef88 src/server.ts:84 equality-negation "===" -> "!=="
[115/483] killed     m-95dbd88267 src/server.ts:85 equality-negation "===" -> "!=="
[116/483] killed     m-71311a3b5b src/server.ts:89 logical "||" -> "&&"
[117/483] killed     m-85580866f6 src/server.ts:88 equality-negation "===" -> "!=="
[118/483] killed     m-4c7434242d src/server.ts:85 logical "&&" -> "||"
[119/483] killed     m-c055af6b37 src/server.ts:89 equality-negation "===" -> "!=="
[120/483] killed     m-920f690e0d src/server.ts:90 logical "||" -> "&&"
[121/483] killed     m-c3f93e2a02 src/server.ts:90 equality-negation "===" -> "!=="
[122/483] killed     m-4afe3e4a1f src/server.ts:90 equality-negation "===" -> "!=="
[123/483] killed     m-ce07537bc3 src/server.ts:90 literal-boundary "3" -> "4"
[124/483] killed     m-aa04d97b76 src/server.ts:90 literal-boundary "0" -> "1"
[125/483] killed     m-89a0528882 src/server.ts:88 logical "&&" -> "||"
[126/483] killed     m-bd90c83cd1 src/server.ts:89 logical "&&" -> "||"
[127/483] killed     m-9389134c1e src/server.ts:90 equality-negation "===" -> "!=="
[128/483] killed     m-8bbf99cafc src/server.ts:90 logical "&&" -> "||"
[129/483] killed     m-fd4acdbd31 src/server.ts:91 negation-removal "!" -> ""
[130/483] killed     m-41bc1490cb src/server.ts:94 guard-bypass "method === 'GET'" -> "false"
[131/483] killed     m-cf96f75bf0 src/server.ts:94 equality-negation "===" -> "!=="
[132/483] killed     m-4c575703e3 src/server.ts:90 literal-boundary "2" -> "3"
[133/483] killed     m-297f037f4a src/server.ts:95 equality-negation "===" -> "!=="
[134/483] killed     m-90ebe5dcfa src/server.ts:90 logical "&&" -> "||"
[135/483] killed     m-780888c826 src/server.ts:95 guard-bypass "path === '/me'" -> "false"
[136/483] killed     m-b3161ac945 src/server.ts:95 literal-boundary "200" -> "201"
[137/483] killed     m-cee36c6631 src/server.ts:96 guard-bypass "path === '/requests'" -> "false"
[138/483] killed     m-8051a6cec2 src/server.ts:96 equality-negation "===" -> "!=="
[139/483] killed     m-1f8d8f3f8c src/server.ts:110 statement-deletion "id = decodeURIComponent(parts[1]);" -> ";"
[140/483] killed     m-9b41bb707b src/server.ts:90 logical "&&" -> "||"
[141/483] killed     m-81fb4adbee src/server.ts:110 literal-boundary "1" -> "2"
[142/483] killed     m-f0b3ddaca4 src/server.ts:91 guard-bypass "!known" -> "false"
[143/483] equivalent m-408f7a5cc4 src/server.ts:119 guard-bypass "body === undefined" -> "false"
[144/483] killed     m-12e24c159c src/server.ts:119 equality-negation "===" -> "!=="
[145/483] killed     m-7221f80d95 src/server.ts:114 guard-bypass "parts[2] === 'pay'" -> "false"
[146/483] killed     m-902402e218 src/server.ts:114 literal-boundary "2" -> "3"
[147/483] killed     m-583f43b2b7 src/server.ts:114 equality-negation "===" -> "!=="
[148/483] killed     m-c0c5e1ddfe src/server.ts:115 literal-boundary "2" -> "3"
[149/483] killed     m-5ca5555f9a src/server.ts:115 equality-negation "===" -> "!=="
[150/483] equivalent m-d9b248c30a src/server.ts:134 statement-deletion "console.error(JSON.stringify({ level: 'error', method: req.method, url: req.url -> ";"
[151/483] equivalent m-f136da5d1a src/server.ts:135 statement-deletion "send(res, { status: 500, body: { error: { code: 'internal_error', message: 'une -> ";"
[152/483] equivalent m-9d3f94fab3 src/server.ts:135 literal-boundary "500" -> "501"
[153/483] killed     m-2becb89d4b src/server.ts:130 guard-bypass "error instanceof ApiError" -> "false"
[154/483] invalid    m-6aa21d7bf3 src/server.ts:140 statement-deletion "server.listen(port, '0.0.0.0', () => console.log(JSON.stringify({ level: 'info' -> ";"
[155/483] killed     m-ef74e7b62f src/store.ts:66 statement-deletion "usersById = new Map              ();" -> ";"
[156/483] killed     m-c25e9b6955 src/store.ts:67 statement-deletion "usersByEmail = new Map              ();" -> ";"
[157/483] killed     m-deb4c411bf src/store.ts:68 statement-deletion "usersByHandle = new Map              ();" -> ";"
[158/483] invalid    m-9c79e02258 src/server.ts:123 statement-deletion "res.writeHead(status, { 'content-type': 'application/json; charset=utf-8' }).en -> ";"
[159/483] invalid    m-36674c2b3b src/server.ts:128 statement-deletion "send(res, await route(req, new URL(req.url ?? '/', 'http://service')));" -> ";"
[160/483] killed     m-8cbea549c7 src/store.ts:72 statement-deletion "this.data = data;" -> ";"
[161/483] killed     m-cd6819122a src/store.ts:79 statement-deletion "this.usersByEmail.set(user.email.toLowerCase(), user);" -> ";"
[162/483] killed     m-3346166959 src/store.ts:69 statement-deletion "requestsById = new Map                        ();" -> ";"
[163/483] killed     m-167f41a5f0 src/store.ts:78 statement-deletion "this.usersById.set(user.id, user);" -> ";"
[164/483] killed     m-5fe8b8a36b src/store.ts:80 statement-deletion "this.usersByHandle.set(user.handle, user);" -> ";"
[165/483] killed     m-c4402c5598 src/store.ts:85 statement-deletion "this.indexUser(user);" -> ";"
[166/483] survived   m-241c4f82c5 src/server.ts:139 literal-boundary "8080" -> "8081"
[167/483] killed     m-c8e87c2716 src/store.ts:89 statement-deletion "this.data.payments.push(payment);" -> ";"
[168/483] equivalent m-68fb6e663c src/store.ts:99 guard-bypass "!user" -> "false"
[169/483] killed     m-a2acf9d7cb src/store.ts:93 statement-deletion "this.data.requests.push(request);" -> ";"
[170/483] equivalent m-7cf668cc4b src/store.ts:106 literal-boundary "2" -> "3"
[171/483] killed     m-1ad5662a06 src/store.ts:111 statement-deletion "current = next;" -> ";"
[172/483] killed     m-8b33b943f3 src/store.ts:122 equality-negation "===" -> "!=="
[173/483] killed     m-270cd787bf src/store.ts:99 negation-removal "!" -> ""
[174/483] killed     m-78b4fbcd62 src/store.ts:94 statement-deletion "this.requestsById.set(request.id, request);" -> ";"
[175/483] killed     m-ed9add2732 src/store.ts:122 equality-negation "!==" -> "==="
[176/483] killed     m-1b877cadf5 src/store.ts:122 negation-removal "!" -> ""
[177/483] killed     m-4f820a4b87 src/store.ts:123 equality-negation "===" -> "!=="
[178/483] killed     m-49a6b76f6c src/store.ts:84 statement-deletion "this.data.users.push(user);" -> ";"
[179/483] killed     m-49ecf0c146 src/store.ts:122 logical "&&" -> "||"
[180/483] killed     m-9aafe0eac6 src/store.ts:122 logical "&&" -> "||"
[181/483] killed     m-c30ee29ac8 src/store.ts:124 logical "&&" -> "||"
[182/483] survived   m-60ed46fe74 src/store.ts:124 boundary ">" -> ">="
[183/483] killed     m-d8749ed5e9 src/server.ts:131 statement-deletion "send(res, { status: error.status, body: { error: { code: error.code, message: e -> ";"
[184/483] killed     m-d8516445ec src/store.ts:124 literal-boundary "0" -> "1"
[185/483] killed     m-79e8846638 src/store.ts:124 logical "&&" -> "||"
[186/483] killed     m-652f4e8881 src/store.ts:124 boundary "<=" -> "<"
[187/483] survived   m-d3e2e23aff src/store.ts:124 literal-boundary "64" -> "65"
[188/483] killed     m-ca29581670 src/server.ts:120 statement-deletion "res.writeHead(status).end();" -> ";"
[189/483] killed     m-714c4203f1 src/store.ts:125 boundary ">=" -> ">"
[190/483] killed     m-a5c4813473 src/store.ts:125 literal-boundary "0" -> "1"
[191/483] killed     m-fe47c9083f src/store.ts:125 logical "&&" -> "||"
[192/483] survived   m-315dc0ed58 src/store.ts:126 logical "&&" -> "||"
[193/483] killed     m-5eb5da090d src/store.ts:126 boundary ">=" -> ">"
[194/483] killed     m-cc00d6e378 src/store.ts:126 literal-boundary "1" -> "2"
[195/483] killed     m-ff2a44292e src/store.ts:127 logical "||" -> "&&"
[196/483] survived   m-be1368e9fe src/store.ts:126 logical "&&" -> "||"
[197/483] killed     m-09d94032af src/store.ts:128 literal-boundary "0" -> "1"
[198/483] killed     m-ca1c4f23f3 src/store.ts:128 literal-boundary "2" -> "3"
[199/483] killed     m-35c3949724 src/store.ts:127 equality-negation "===" -> "!=="
[200/483] killed     m-2c5a969c2d src/store.ts:127 equality-negation "===" -> "!=="
[201/483] killed     m-b16687b3b4 src/store.ts:126 boundary "<=" -> "<"
[202/483] equivalent m-5fdf66429f src/store.ts:136 statement-deletion "check(Array.isArray(value), `${field} must be an array`);" -> ";"
[203/483] equivalent m-c73cfc471b src/store.ts:150 statement-deletion "check(isObj(fixture), 'fixture must be an object');" -> ";"
[204/483] equivalent m-450818be8b src/store.ts:151 statement-deletion "check(isStr(fixture.currency) && fixture.currency.length > 0, 'currency is requ -> ";"
[205/483] equivalent m-25c117d050 src/store.ts:151 logical "&&" -> "||"
[206/483] equivalent m-422f4e8d4c src/store.ts:151 boundary ">" -> ">="
[207/483] equivalent m-bcff6d90b9 src/store.ts:151 literal-boundary "0" -> "1"
[208/483] equivalent m-a9d3160bfa src/store.ts:152 statement-deletion "check(MINOR_UNITS.includes(fixture.minor_units          ), 'minor_units must be -> ";"
[209/483] equivalent m-9725945bac src/store.ts:160 statement-deletion "check(isObj(raw), 'each user must be an object');" -> ";"
[210/483] equivalent m-4c410f314e src/store.ts:162 statement-deletion "check(isId(id) && !ids.has(id), 'user ids must be unique strings');" -> ";"
[211/483] equivalent m-b910a8163b src/store.ts:162 logical "&&" -> "||"
[212/483] killed     m-e8f5075c51 src/store.ts:131 negation-removal "!" -> ""
[213/483] equivalent m-5e0babfbb4 src/store.ts:163 statement-deletion "check(isStr(email) && /^[^@\\s]+@[^@\\s]+$/.test(email) && !emails.has(email.to -> ";"
[214/483] equivalent m-011c891928 src/store.ts:163 logical "&&" -> "||"
[215/483] equivalent m-bf25c0ee37 src/store.ts:163 logical "&&" -> "||"
[216/483] killed     m-2c70b6992a src/store.ts:135 equality-negation "===" -> "!=="
[217/483] equivalent m-87f861267d src/store.ts:164 statement-deletion "check(isStr(password) && password.length > 0, 'user password is required');" -> ";"
[218/483] equivalent m-6cd1a991af src/store.ts:164 logical "&&" -> "||"
[219/483] equivalent m-5839279e87 src/store.ts:164 boundary ">" -> ">="
[220/483] killed     m-85ac6fcdaa src/store.ts:162 negation-removal "!" -> ""
[221/483] equivalent m-1407cb78ee src/store.ts:165 statement-deletion "check(isStr(displayName), 'user display_name must be a string');" -> ";"
[222/483] equivalent m-169095f16a src/store.ts:166 statement-deletion "check(isStr(handle) && HANDLE.test(handle) && !handles.has(handle), 'user handl -> ";"
[223/483] equivalent m-a3cd0fcf7c src/store.ts:166 logical "&&" -> "||"
[224/483] equivalent m-ff9cc6ff29 src/store.ts:166 logical "&&" -> "||"
[225/483] killed     m-186fbb6455 src/store.ts:163 negation-removal "!" -> ""
[226/483] killed     m-b49da4d791 src/store.ts:166 negation-removal "!" -> ""
[227/483] killed     m-cae3c04702 src/store.ts:135 guard-bypass "value === undefined" -> "false"
[228/483] equivalent m-50f043fe6e src/store.ts:169 statement-deletion "emails.add(email.toLowerCase());" -> ";"
[229/483] equivalent m-54a0ef71ab src/store.ts:170 statement-deletion "handles.add(handle);" -> ";"
[230/483] killed     m-07723e7707 src/store.ts:171 statement-deletion "seeds.push({ id, email, password, displayName, handle, balance });" -> ";"
[231/483] equivalent m-b7a344fc94 src/store.ts:175 statement-deletion "check(isObj(raw), 'each payment must be an object');" -> ";"
[232/483] equivalent m-b68f3866e4 src/store.ts:177 statement-deletion "check(isId(id) && !data.payments.some((p) => p.id === id), 'payment ids must be -> ";"
[233/483] equivalent m-003875a895 src/store.ts:177 logical "&&" -> "||"
[234/483] killed     m-f87aa8db2c src/store.ts:128 literal-boundary "3" -> "4"
[235/483] killed     m-1d271f0c91 src/store.ts:168 statement-deletion "ids.add(id);" -> ";"
[236/483] equivalent m-8ad87ca1fe src/store.ts:178 statement-deletion "check(isStr(from) && ids.has(from) && isStr(to) && ids.has(to) && from !== to,  -> ";"
[237/483] equivalent m-78b6badc88 src/store.ts:178 logical "&&" -> "||"
[238/483] equivalent m-2d9b599175 src/store.ts:178 logical "&&" -> "||"
[239/483] equivalent m-f08b16ca21 src/store.ts:178 logical "&&" -> "||"
[240/483] equivalent m-fb57379d29 src/store.ts:178 logical "&&" -> "||"
[241/483] killed     m-54ad1993e1 src/store.ts:177 negation-removal "!" -> ""
[242/483] equivalent m-26078f6869 src/store.ts:179 statement-deletion "check(isAmount(amount), 'payment amount is out of range');" -> ";"
[243/483] equivalent m-afc5f6b827 src/store.ts:180 statement-deletion "check(isStr(note) && isVisibility(visibility), 'payment note or visibility is i -> ";"
[244/483] equivalent m-d2d865c20d src/store.ts:180 logical "&&" -> "||"
[245/483] killed     m-0f0eb74a6a src/store.ts:131 guard-bypass "!condition" -> "false"
[246/483] equivalent m-8fb4772d63 src/store.ts:185 statement-deletion "check(isObj(raw), 'each request must be an object');" -> ";"
[247/483] equivalent m-836e6c679f src/store.ts:187 statement-deletion "check(isId(id) && !data.requests.some((r) => r.id === id), 'request ids must be -> ";"
[248/483] equivalent m-a6a3ef2c31 src/store.ts:187 logical "&&" -> "||"
[249/483] killed     m-e3d35843ac src/store.ts:167 statement-deletion "check(isBalance(balance), 'user balance must be a non-negative integer');" -> ";"
[250/483] survived   m-8b09e83a2d src/store.ts:164 literal-boundary "0" -> "1"
[251/483] equivalent m-d37fd40a97 src/store.ts:188 statement-deletion "check(isStr(requester) && ids.has(requester) && isStr(payer) && ids.has(payer)  -> ";"
[252/483] equivalent m-a2360c25bd src/store.ts:188 logical "&&" -> "||"
[253/483] equivalent m-0aa4ce2475 src/store.ts:188 logical "&&" -> "||"
[254/483] equivalent m-24c7ff668c src/store.ts:188 logical "&&" -> "||"
[255/483] equivalent m-d4035b70c3 src/store.ts:188 logical "&&" -> "||"
[256/483] killed     m-66443641e2 src/store.ts:178 equality-negation "!==" -> "==="
[257/483] equivalent m-6acddf978a src/store.ts:189 statement-deletion "check(isAmount(amount), 'request amount is out of range');" -> ";"
[258/483] equivalent m-712a4c4b10 src/store.ts:190 statement-deletion "check(isStr(note) && REQUEST_STATUSES.includes(status                 ), 'reque -> ";"
[259/483] equivalent m-9983ac63e9 src/store.ts:190 logical "&&" -> "||"
[260/483] equivalent m-ac57d78f00 src/store.ts:191 statement-deletion "check(paymentId === null || isStr(paymentId), 'request payment_id must be a str -> ";"
[261/483] killed     m-df04d0b352 src/store.ts:181 statement-deletion "data.payments.push({ id, fromUserId: from, toUserId: to, amount, note, visibili -> ";"
[262/483] killed     m-4f2df9cb2f src/store.ts:177 equality-negation "===" -> "!=="
[263/483] killed     m-58da0fdb26 src/store.ts:187 negation-removal "!" -> ""
[264/483] equivalent m-d9a9565737 src/store.ts:196 statement-deletion "check(operators.every(isStr), 'settlement_operator_ids must be strings');" -> ";"
[265/483] killed     m-f57bc93a06 src/store.ts:188 equality-negation "!==" -> "==="
[266/483] killed     m-14d271b045 src/store.ts:187 equality-negation "===" -> "!=="
[267/483] killed     m-70e1685101 src/store.ts:191 equality-negation "===" -> "!=="
[268/483] killed     m-20454799d1 src/store.ts:191 logical "||" -> "&&"
[269/483] killed     m-b52dfd29fb src/store.ts:192 statement-deletion "data.requests.push({ id, requesterId: requester, payerId: payer, amount, note,  -> ";"
[270/483] killed     m-e0aeeecb71 src/store.ts:197 statement-deletion "data.operatorIds = operators            ;" -> ";"
[271/483] killed     m-205fa0845e src/store.ts:207 statement-deletion "check(isObj(state), 'state must be an object');" -> ";"
[272/483] killed     m-37fb697471 src/store.ts:209 statement-deletion "check(isStr(currency) && MINOR_UNITS.includes(minorUnits          ), 'state cur -> ";"
[273/483] killed     m-31e0caa951 src/store.ts:209 logical "&&" -> "||"
[274/483] killed     m-5525c4209d src/store.ts:210 statement-deletion "check(Array.isArray(users) && Array.isArray(payments) && Array.isArray(requests -> ";"
[275/483] killed     m-5a54cb1fc1 src/store.ts:210 logical "&&" -> "||"
[276/483] killed     m-37ed13c373 src/store.ts:210 logical "&&" -> "||"
[277/483] killed     m-5c66a30936 src/store.ts:211 statement-deletion "check(isObj(tokens) && isObj(idempotency) && Array.isArray(operatorIds), 'state -> ";"
[278/483] killed     m-8b8810c4ac src/store.ts:211 logical "&&" -> "||"
[279/483] killed     m-b14d08df24 src/store.ts:211 logical "&&" -> "||"
[280/483] killed     m-a78f83da65 src/store.ts:215 logical "&&" -> "||"
[281/483] killed     m-3450f92d18 src/store.ts:215 logical "&&" -> "||"
[282/483] killed     m-80e9c37490 src/store.ts:215 logical "&&" -> "||"
[283/483] killed     m-96ca350fdd src/store.ts:215 logical "&&" -> "||"
[284/483] killed     m-a45643db4a src/store.ts:216 logical "&&" -> "||"
[285/483] killed     m-64c3eb7435 src/store.ts:216 logical "&&" -> "||"
[286/483] killed     m-5b5d1136eb src/store.ts:216 logical "&&" -> "||"
[287/483] killed     m-3d711b8e79 src/store.ts:217 statement-deletion "check(!userIds.has(u.id) && !handles.has(u.handle), 'state users are duplicated -> ";"
[288/483] killed     m-6027658357 src/store.ts:217 negation-removal "!" -> ""
[289/483] killed     m-b9c5adc436 src/store.ts:217 negation-removal "!" -> ""
[290/483] killed     m-2d26c6a1a3 src/store.ts:217 logical "&&" -> "||"
[291/483] killed     m-87e6f26a57 src/store.ts:218 statement-deletion "userIds.add(u.id);" -> ";"
[292/483] killed     m-7004541f7b src/store.ts:219 statement-deletion "handles.add(u.handle);" -> ";"
[293/483] killed     m-d127cb59a7 src/store.ts:223 statement-deletion "check(isObj(p) && !paymentIds.has(p.id          ), 'state payments are duplicat -> ";"
[294/483] killed     m-f26655b6c1 src/store.ts:223 logical "&&" -> "||"
[295/483] killed     m-4911a92dce src/store.ts:223 negation-removal "!" -> ""
[296/483] killed     m-abf0bf3cb8 src/store.ts:224 statement-deletion "paymentIds.add(p.id          );" -> ";"
[297/483] killed     m-60628ab3e3 src/store.ts:225 logical "&&" -> "||"
[298/483] killed     m-e89da54126 src/store.ts:225 logical "&&" -> "||"
[299/483] killed     m-46f9a15982 src/store.ts:225 logical "&&" -> "||"
[300/483] killed     m-9e9d716fbc src/store.ts:226 logical "&&" -> "||"
[301/483] killed     m-a892e8035c src/store.ts:226 logical "&&" -> "||"
[302/483] killed     m-5ede86a428 src/store.ts:226 logical "&&" -> "||"
[303/483] killed     m-f751c07519 src/store.ts:226 logical "&&" -> "||"
[304/483] killed     m-51f221e634 src/store.ts:230 statement-deletion "check(isObj(r) && !requestIds.has(r.id          ), 'state requests are duplicat -> ";"
[305/483] killed     m-300d23011f src/store.ts:230 logical "&&" -> "||"
[306/483] killed     m-fc1c1a2cfc src/store.ts:230 negation-removal "!" -> ""
[307/483] killed     m-c5b5a89cf7 src/store.ts:231 statement-deletion "requestIds.add(r.id          );" -> ";"
[308/483] killed     m-0f879ba61a src/store.ts:232 logical "&&" -> "||"
[309/483] killed     m-856722b216 src/store.ts:232 logical "&&" -> "||"
[310/483] killed     m-6245892e08 src/store.ts:232 logical "&&" -> "||"
[311/483] killed     m-3309e50c0a src/store.ts:233 logical "&&" -> "||"
[312/483] killed     m-6c485fb634 src/store.ts:233 logical "&&" -> "||"
[313/483] killed     m-a9b435f62a src/store.ts:233 logical "&&" -> "||"
[314/483] killed     m-36eb824f38 src/store.ts:234 logical "&&" -> "||"
[315/483] killed     m-51c5b4ff86 src/store.ts:236 statement-deletion "check(Object.values(tokens).every((id) => userIds.has(id          )), 'state to -> ";"
[316/483] killed     m-bd5f72ee22 src/validate.ts:8 literal-boundary "1_000_000_000" -> "1000000001"
[317/483] killed     m-154e9f54b9 src/store.ts:237 statement-deletion "check(Object.values(idempotency).every((rec) => isObj(rec) && isStr(rec.fingerp -> ";"
[318/483] killed     m-a5fe60d102 src/validate.ts:12 guard-bypass "typeof value !== 'number' || !Number.isInteger(value) || value < min || value > -> "false"
[319/483] killed     m-bbc0f09654 src/validate.ts:12 equality-negation "!==" -> "==="
[320/483] killed     m-08240e7484 src/validate.ts:12 logical "||" -> "&&"
[321/483] killed     m-d1c7867e2e src/store.ts:237 logical "&&" -> "||"
[322/483] killed     m-39d9ef7f1d src/validate.ts:11 literal-boundary "1" -> "2"
[323/483] killed     m-2eb006fb0e src/validate.ts:12 negation-removal "!" -> ""
[324/483] killed     m-b1e9ec3c68 src/validate.ts:12 logical "||" -> "&&"
[325/483] killed     m-2ceeac3b87 src/store.ts:237 logical "&&" -> "||"
[326/483] killed     m-93caa8bc15 src/validate.ts:12 logical "||" -> "&&"
[327/483] killed     m-dfba573b24 src/validate.ts:19 guard-bypass "value === undefined" -> "false"
[328/483] killed     m-ede17ffbc4 src/validate.ts:19 equality-negation "===" -> "!=="
[329/483] killed     m-69ec2779fa src/validate.ts:12 boundary ">" -> ">="
[330/483] killed     m-97187e7b37 src/validate.ts:12 boundary "<" -> "<="
[331/483] killed     m-f79f813f90 src/validate.ts:20 equality-negation "!==" -> "==="
[332/483] killed     m-89d6098e57 src/validate.ts:21 guard-bypass "[...value].length > 200" -> "false"
[333/483] killed     m-69720d897a src/validate.ts:28 guard-bypass "value === undefined" -> "false"
[334/483] killed     m-3dc19dd237 src/validate.ts:21 boundary ">" -> ">="
[335/483] killed     m-09620a5afe src/validate.ts:28 equality-negation "===" -> "!=="
[336/483] killed     m-7a84d643b8 src/validate.ts:21 literal-boundary "200" -> "201"
[337/483] killed     m-0bd7ce71fc src/validate.ts:29 guard-bypass "value !== 'public' && value !== 'private'" -> "false"
[338/483] killed     m-48d1d807a3 src/validate.ts:20 guard-bypass "typeof value !== 'string'" -> "false"
[339/483] killed     m-bd523b5418 src/validate.ts:29 equality-negation "!==" -> "==="
[340/483] killed     m-9466398106 src/validate.ts:35 equality-negation "===" -> "!=="
[341/483] killed     m-6eb3779f47 src/validate.ts:29 equality-negation "!==" -> "==="
[342/483] killed     m-e72600efc6 src/validate.ts:36 equality-negation "!==" -> "==="
[343/483] killed     m-a280555997 src/validate.ts:29 logical "&&" -> "||"
[344/483] killed     m-60b9a4aa2c src/validate.ts:35 guard-bypass "value === undefined" -> "false"
[345/483] killed     m-34bfc9b4ed src/validate.ts:42 guard-bypass "raw === null" -> "false"
[346/483] killed     m-7e06148987 src/validate.ts:43 negation-removal "!" -> ""
[347/483] killed     m-ee4910a55b src/validate.ts:43 guard-bypass "!/^\\d+$/.test(raw)" -> "false"
[348/483] killed     m-b28c778ce2 src/validate.ts:45 guard-bypass "value < min || value > max" -> "false"
[349/483] killed     m-7eea19aea8 src/validate.ts:45 boundary "<" -> "<="
[350/483] killed     m-81ba704e88 src/validate.ts:45 logical "||" -> "&&"
[351/483] killed     m-6ae3dd1f0e src/validate.ts:50 guard-bypass "raw === null" -> "false"
[352/483] killed     m-c29a15adf8 src/validate.ts:36 guard-bypass "typeof value !== 'string'" -> "false"
[353/483] killed     m-6bde27a527 src/validate.ts:45 boundary ">" -> ">="
[354/483] killed     m-e7688fe2fb src/validate.ts:50 equality-negation "===" -> "!=="
[355/483] killed     m-cb3d8c3131 src/validate.ts:51 negation-removal "!" -> ""
[356/483] killed     m-148dfcbf36 src/validate.ts:51 guard-bypass "!(allowed                     ).includes(raw)" -> "false"
[357/483] killed     m-9711f2a90b src/validate.ts:58 logical "&&" -> "||"
[358/483] killed     m-023114e361 src/wallet.ts:45 statement-deletion "from.balance -= payment.amount;" -> ";"
[359/483] killed     m-6c80ce6640 src/validate.ts:57 guard-bypass "Array.isArray(value)" -> "false"
[360/483] killed     m-ee8cb8a4b2 src/validate.ts:58 equality-negation "!==" -> "==="
[361/483] killed     m-735b2207a9 src/wallet.ts:45 compound-assignment "-=" -> "+="
[362/483] killed     m-59e4730491 src/validate.ts:58 guard-bypass "value !== null && typeof value === 'object'" -> "false"
[363/483] killed     m-a8891a2316 src/wallet.ts:53 guard-bypass "!user" -> "false"
[364/483] killed     m-e06201a967 src/validate.ts:58 equality-negation "===" -> "!=="
[365/483] killed     m-7e500eed0e src/wallet.ts:47 statement-deletion "store().addPayment(payment);" -> ";"
[366/483] killed     m-9442bb46f0 src/wallet.ts:46 statement-deletion "to.balance += payment.amount;" -> ";"
[367/483] killed     m-2226aee2a6 src/wallet.ts:46 compound-assignment "+=" -> "-="
[368/483] killed     m-7b6881b8dc src/wallet.ts:53 negation-removal "!" -> ""
[369/483] killed     m-a3572e3f84 src/wallet.ts:64 equality-negation "===" -> "!=="
[370/483] killed     m-3dca9fff9c src/wallet.ts:66 boundary "<" -> "<="
[371/483] killed     m-c476faed12 src/wallet.ts:66 guard-bypass "caller.balance < amount" -> "false"
[372/483] killed     m-6c81e9c521 src/wallet.ts:68 literal-boundary "201" -> "202"
[373/483] killed     m-391a9e3cdf src/wallet.ts:64 guard-bypass "toHandle === caller.handle" -> "false"
[374/483] killed     m-2dec6b1065 src/wallet.ts:77 equality-negation "===" -> "!=="
[375/483] killed     m-d863166ae8 src/wallet.ts:64 literal-boundary "422" -> "423"
[376/483] killed     m-a46479b867 src/wallet.ts:77 guard-bypass "payerHandle === caller.handle" -> "false"
[377/483] killed     m-025eb2eece src/wallet.ts:77 literal-boundary "422" -> "423"
[378/483] killed     m-c8d5ca584a src/wallet.ts:80 literal-boundary "201" -> "202"
[379/483] killed     m-4c7827f4cd src/wallet.ts:87 statement-deletion "store().addRequest(request);" -> ";"
[380/483] killed     m-c7dce9370f src/wallet.ts:93 negation-removal "!" -> ""
[381/483] killed     m-ca6de43e1e src/wallet.ts:93 guard-bypass "!request" -> "false"
[382/483] killed     m-17ef116592 src/wallet.ts:97 literal-boundary "409" -> "410"
[383/483] killed     m-d95d92d8cd src/wallet.ts:102 guard-bypass "request.payerId !== caller.id" -> "false"
[384/483] killed     m-91c33b17cc src/wallet.ts:102 equality-negation "!==" -> "==="
[385/483] timeout    m-2b76d77904 src/validate.ts:42 equality-negation "===" -> "!=="
[386/483] killed     m-3cddb481d5 src/wallet.ts:103 guard-bypass "request.status !== 'pending'" -> "false"
[387/483] killed     m-8ea98c025f src/wallet.ts:103 equality-negation "!==" -> "==="
[388/483] killed     m-561c1fea74 src/wallet.ts:104 guard-bypass "caller.balance < request.amount" -> "false"
[389/483] killed     m-edf7e4c45f src/wallet.ts:108 statement-deletion "request.status = 'paid';" -> ";"
[390/483] killed     m-a46179d2ec src/wallet.ts:110 literal-boundary "201" -> "202"
[391/483] equivalent m-1a5f6971b5 src/wallet.ts:117 equality-negation "===" -> "!=="
[392/483] killed     m-046e11c3fd src/wallet.ts:104 boundary "<" -> "<="
[393/483] killed     m-9a69b75f1b src/wallet.ts:116 equality-negation "===" -> "!=="
[394/483] killed     m-d4401ca760 src/wallet.ts:117 guard-bypass "owner !== caller.id" -> "false"
[395/483] killed     m-1242131b4c src/wallet.ts:117 equality-negation "!==" -> "==="
[396/483] killed     m-4ab13ecdff src/wallet.ts:118 guard-bypass "request.status !== to" -> "false"
[397/483] killed     m-600e651b7e src/wallet.ts:118 equality-negation "!==" -> "==="
[398/483] killed     m-0744118aa1 src/wallet.ts:119 guard-bypass "request.status !== 'pending'" -> "false"
[399/483] killed     m-572eb80f7f src/wallet.ts:109 statement-deletion "request.paymentId = payment.id;" -> ";"
[400/483] killed     m-947d913b86 src/wallet.ts:119 equality-negation "!==" -> "==="
[401/483] killed     m-aa50440a06 src/wallet.ts:120 statement-deletion "request.status = to;" -> ";"
[402/483] killed     m-9d02d8c269 src/wallet.ts:122 literal-boundary "200" -> "201"
[403/483] killed     m-d379e08025 src/wallet.ts:130 equality-negation "!==" -> "==="
[404/483] killed     m-7b36f7148a src/wallet.ts:130 equality-negation "===" -> "!=="
[405/483] killed     m-6f97d6f821 src/wallet.ts:130 logical "&&" -> "||"
[406/483] killed     m-86f1621a27 src/wallet.ts:130 logical "||" -> "&&"
[407/483] killed     m-ee8fa18116 src/wallet.ts:130 equality-negation "!==" -> "==="
[408/483] killed     m-fc1e733482 src/wallet.ts:130 logical "&&" -> "||"
[409/483] killed     m-2a84ca316d src/wallet.ts:130 equality-negation "===" -> "!=="
[410/483] killed     m-d259f62719 src/wallet.ts:131 equality-negation "===" -> "!=="
[411/483] killed     m-927230ee99 src/wallet.ts:131 logical "||" -> "&&"
[412/483] killed     m-7024d58f72 src/wallet.ts:131 equality-negation "===" -> "!=="
[413/483] killed     m-6bbd660664 src/wallet.ts:132 arithmetic "+" -> "-"
[414/483] killed     m-336c32e4e7 src/wallet.ts:139 rounding "Math.floor" -> "Math.ceil"
[415/483] killed     m-b55dd6ded3 src/wallet.ts:132 arithmetic "+" -> "-"
[416/483] killed     m-7b0ed2ab78 src/wallet.ts:140 arithmetic "-" -> "+"
[417/483] killed     m-2cafa1efbe src/wallet.ts:141 arithmetic "+" -> "-"
[418/483] killed     m-338613e59f src/wallet.ts:132 literal-boundary "200" -> "201"
[419/483] killed     m-7bc5d791b4 src/wallet.ts:141 boundary "<" -> "<="
[420/483] killed     m-2638355f0a src/wallet.ts:141 literal-boundary "1" -> "2"
[421/483] killed     m-4292d27f83 src/wallet.ts:132 boundary ">" -> ">="
[422/483] killed     m-a3c79d6ee7 src/wallet.ts:141 literal-boundary "0" -> "1"
[423/483] killed     m-5e81c1067e src/wallet.ts:147 equality-negation "===" -> "!=="
[424/483] killed     m-d62f70d937 src/wallet.ts:148 negation-removal "!" -> ""
[425/483] killed     m-b93bbf05d2 src/wallet.ts:148 negation-removal "!" -> ""
[426/483] killed     m-a3772a86ba src/wallet.ts:148 equality-negation "===" -> "!=="
[427/483] killed     m-564378c114 src/wallet.ts:147 guard-bypass "handles === undefined" -> "false"
[428/483] killed     m-a224710c84 src/wallet.ts:149 guard-bypass "handles.length === 0 || new Set(handles).size !== handles.length" -> "false"
[429/483] killed     m-a3d042419c src/wallet.ts:149 equality-negation "===" -> "!=="
[430/483] killed     m-14d027cf70 src/wallet.ts:148 guard-bypass "!Array.isArray(handles) || !handles.every((h) => typeof h === 'string')" -> "false"
[431/483] killed     m-1e0b1aa083 src/wallet.ts:148 logical "||" -> "&&"
[432/483] killed     m-6b04a78bc3 src/wallet.ts:149 literal-boundary "0" -> "1"
[433/483] killed     m-2394acd609 src/wallet.ts:149 logical "||" -> "&&"
[434/483] killed     m-fae8a6357f src/wallet.ts:149 equality-negation "!==" -> "==="
[435/483] killed     m-78c336aa39 src/wallet.ts:155 equality-negation "===" -> "!=="
[436/483] killed     m-0f0dba798c src/wallet.ts:157 literal-boundary "201" -> "202"
[437/483] killed     m-7b0c4a5ef4 src/wallet.ts:170 equality-negation "===" -> "!=="
[438/483] killed     m-e879f1d778 src/wallet.ts:170 logical "||" -> "&&"
[439/483] killed     m-1988d5a3ab src/wallet.ts:170 equality-negation "===" -> "!=="
[440/483] killed     m-0c42d10b6b src/wallet.ts:170 logical "||" -> "&&"
[441/483] killed     m-de7920ca40 src/wallet.ts:170 equality-negation "===" -> "!=="
[442/483] killed     m-ccb69b92cc src/wallet.ts:172 arithmetic "+" -> "-"
[443/483] killed     m-148cb9f1f1 src/wallet.ts:172 literal-boundary "200" -> "201"
[444/483] killed     m-3168d1a203 src/wallet.ts:176 literal-boundary "200" -> "201"
[445/483] killed     m-ffbacdf635 src/wallet.ts:176 literal-boundary "0" -> "1"
[446/483] killed     m-40004daf63 src/wallet.ts:172 boundary ">" -> ">="
[447/483] killed     m-e8daf45fd1 src/wallet.ts:172 arithmetic "+" -> "-"
[448/483] killed     m-5eb174907e src/wallet.ts:176 literal-boundary "50" -> "51"
[449/483] killed     m-28e6342c9c src/wallet.ts:176 literal-boundary "0" -> "1"
[450/483] killed     m-23f51c879c src/wallet.ts:176 literal-boundary "1" -> "2"
[451/483] killed     m-f89f71e0b9 src/wallet.ts:183 negation-removal "!" -> ""
[452/483] killed     m-b119168865 src/wallet.ts:183 guard-bypass "!s.data.operatorIds.includes(caller.id)" -> "false"
[453/483] killed     m-e2f93c4ca9 src/wallet.ts:185 guard-bypass "!Array.isArray(transfers) || transfers.length < 1 || transfers.length > 32" -> "false"
[454/483] killed     m-c4dc64e0ff src/wallet.ts:185 negation-removal "!" -> ""
[455/483] killed     m-b7f706f0b4 src/wallet.ts:185 boundary "<" -> "<="
[456/483] killed     m-cf44641145 src/wallet.ts:185 logical "||" -> "&&"
[457/483] killed     m-455a1b3dca src/wallet.ts:185 literal-boundary "1" -> "2"
[458/483] killed     m-7a2c6909b9 src/wallet.ts:185 logical "||" -> "&&"
[459/483] killed     m-d96e918ce3 src/wallet.ts:185 boundary ">" -> ">="
[460/483] killed     m-c6e3d29274 src/wallet.ts:185 literal-boundary "32" -> "33"
[461/483] killed     m-c44e8b195f src/wallet.ts:188 equality-negation "!==" -> "==="
[462/483] killed     m-1b183791f8 src/wallet.ts:188 guard-bypass "typeof t !== 'object' || t === null || Array.isArray(t)" -> "false"
[463/483] killed     m-029189aabd src/wallet.ts:188 equality-negation "===" -> "!=="
[464/483] killed     m-cebe3ff27e src/wallet.ts:188 logical "||" -> "&&"
[465/483] killed     m-2ea49e4380 src/wallet.ts:190 equality-negation "!==" -> "==="
[466/483] killed     m-1b3e940b03 src/wallet.ts:190 guard-bypass "typeof entry.from_handle !== 'string' || typeof entry.to_handle !== 'string'" -> "false"
[467/483] killed     m-68429b47bd src/wallet.ts:188 logical "||" -> "&&"
[468/483] killed     m-f50bc9ffd6 src/wallet.ts:190 logical "||" -> "&&"
[469/483] killed     m-3620a42f16 src/wallet.ts:190 equality-negation "!==" -> "==="
[470/483] killed     m-4cf1697cac src/wallet.ts:196 guard-bypass "from.id === to.id" -> "false"
[471/483] killed     m-b3be0a9174 src/wallet.ts:196 equality-negation "===" -> "!=="
[472/483] killed     m-1977e4449f src/wallet.ts:196 literal-boundary "422" -> "423"
[473/483] killed     m-e368f768ab src/wallet.ts:201 statement-deletion "net.set(leg.from, (net.get(leg.from) ?? 0) - leg.amount);" -> ";"
[474/483] killed     m-e2abac83c6 src/wallet.ts:201 literal-boundary "0" -> "1"
[475/483] killed     m-daefe41431 src/wallet.ts:201 arithmetic "-" -> "+"
[476/483] killed     m-8f80a4a48d src/wallet.ts:202 statement-deletion "net.set(leg.to, (net.get(leg.to) ?? 0) + leg.amount);" -> ";"
[477/483] killed     m-f3c481a8f0 src/wallet.ts:202 literal-boundary "0" -> "1"
[478/483] killed     m-c66956eae7 src/wallet.ts:202 arithmetic "+" -> "-"
[479/483] killed     m-4bb8228980 src/wallet.ts:204 guard-bypass "user.balance + delta < 0" -> "false"
[480/483] killed     m-bb8a675898 src/wallet.ts:204 arithmetic "+" -> "-"
[481/483] killed     m-a30fd81dba src/wallet.ts:204 boundary "<" -> "<="
[482/483] killed     m-69a7fe0daf src/wallet.ts:204 literal-boundary "0" -> "1"
[483/483] killed     m-5b2d21ea2c src/wallet.ts:210 literal-boundary "201" -> "202"
{
  "kind": "mutation-campaign",
  "factoryVersion": "1.0.0-rc.2",
  "target": "calibration/pocketful-stage-1",
  "files": [
    "src/auth.ts",
    "src/errors.ts",
    "src/server.ts",
    "src/store.ts",
    "src/validate.ts",
    "src/wallet.ts"
  ],
  "start": "node --no-warnings src/server.ts",
  "check": "calibration/verification/kill-suite.sh {url}",
  "seed": 1,
  "selection": "all",
  "discovered": 483,
  "executed": 483,
  "tally": {
    "killed": 398,
    "survived": 18,
    "timeout": 1,
    "invalid": 8,
    "error": 0,
    "equivalent": 58
  },
  "layers": {
    "adversarial": {
      "killed": 145,
      "onlyThisLayer": 1
    },
    "contract": {
      "killed": 388,
      "onlyThisLayer": 97
    },
    "reference": {
      "killed": 235,
      "onlyThisLayer": 1
    },
    "shipped": {
      "killed": 282,
      "onlyThisLayer": 3
    }
  },
  "valid": 417,
  "killRate": 0.9544364508393285,
  "detectionRate": 0.9568345323741008,
  "formula": "killRate = killed / (killed + survived + timeout); detectionRate counts timeouts as detected; invalid, error and equivalent are excluded from both and listed",
  "campaignBroken": false,
  "jobs": 6,
  "mutantTimeoutMs": 180000,
  "startedAt": "2026-10-02T07:30:41.407Z",
  "finishedAt": "2026-10-02T08:02:16.337Z",
  "durationMs": 1894930,
  "replay": "node commit/mutate.ts --target calibration/pocketful-stage-1 --start 'node --no-warnings src/server.ts' --check 'calibration/verification/kill-suite.sh {url}' --only <id> --out <new dir>"
}
